BL51 BANKED LINKER/LOCATER V6.22.2.0                                                    12/18/2018  17:25:09  PAGE 1


BL51 BANKED LINKER/LOCATER V6.22.2.0, INVOKED BY:
C:\KEIL_V5\C51\BIN\BL51.EXE .\Objects\Chinese_Font_Lib.obj, .\Objects\OLED_SSD1306.obj, .\Objects\DHT11.obj, .\Objects\S
>> erial_Port.obj, .\Objects\main.obj TO .\Objects\shiyan9 PRINT (.\Listings\shiyan9.m51) RAMSIZE (256)


MEMORY MODEL: LARGE


INPUT MODULES INCLUDED:
  .\Objects\Chinese_Font_Lib.obj (CHINESE_FONT_LIB)
  .\Objects\OLED_SSD1306.obj (OLED_SSD1306)
  .\Objects\DHT11.obj (DHT11)
  .\Objects\Serial_Port.obj (SERIAL_PORT)
  .\Objects\main.obj (MAIN)
  C:\KEIL_V5\C51\LIB\C51L.LIB (?C_STARTUP)
  C:\KEIL_V5\C51\LIB\C51L.LIB (?C?COPY)
  C:\KEIL_V5\C51\LIB\C51L.LIB (?C?SCDIV)
  C:\KEIL_V5\C51\LIB\C51L.LIB (?C?CLDPTR)
  C:\KEIL_V5\C51\LIB\C51L.LIB (?C?CLDOPTR)
  C:\KEIL_V5\C51\LIB\C51L.LIB (?C?CSTPTR)
  C:\KEIL_V5\C51\LIB\C51L.LIB (?C?CSTOPTR)
  C:\KEIL_V5\C51\LIB\C51L.LIB (?C?IMUL)
  C:\KEIL_V5\C51\LIB\C51L.LIB (?C?UIDIV)
  C:\KEIL_V5\C51\LIB\C51L.LIB (?C?SIDIV)
  C:\KEIL_V5\C51\LIB\C51L.LIB (?C?IILDX)
  C:\KEIL_V5\C51\LIB\C51L.LIB (?C?ILDOPTR)
  C:\KEIL_V5\C51\LIB\C51L.LIB (?C?ISTOPTR)
  C:\KEIL_V5\C51\LIB\C51L.LIB (?C?LMUL)
  C:\KEIL_V5\C51\LIB\C51L.LIB (?C?SLDIV)
  C:\KEIL_V5\C51\LIB\C51L.LIB (?C?ULSHR)
  C:\KEIL_V5\C51\LIB\C51L.LIB (?C?LSTXDATA)
  C:\KEIL_V5\C51\LIB\C51L.LIB (?C?LSTKXDATA)
  C:\KEIL_V5\C51\LIB\C51L.LIB (?C_INIT)
  C:\KEIL_V5\C51\LIB\C51L.LIB (?C?ULDIV)


LINK MAP OF MODULE:  .\Objects\shiyan9 (CHINESE_FONT_LIB)


            TYPE    BASE      LENGTH    RELOCATION   SEGMENT NAME
            -----------------------------------------------------

            * * * * * * *   D A T A   M E M O R Y   * * * * * * *
            REG     0000H     0008H     ABSOLUTE     "REG BANK 0"
            DATA    0008H     0008H     UNIT         ?DT?SERIAL_PORT
                    0010H     0010H                  *** GAP ***
            DATA    0020H     0001H     BIT_ADDR     ?BA?SERIAL_PORT
            BIT     0021H.0   0000H.5   UNIT         ?BI?MAIN
                    0021H.5   0000H.3                *** GAP ***
            IDATA   0022H     0001H     UNIT         ?STACK

            * * * * * * *  X D A T A   M E M O R Y  * * * * * * *
            XDATA   0000H     0400H     UNIT         ?XD?OLED_SSD1306
            XDATA   0400H     0082H     UNIT         ?XD?CHINESE_FONT_LIB
            XDATA   0482H     0080H     UNIT         ?XD?SERIAL_PORT
            XDATA   0502H     004DH     UNIT         _XDATA_GROUP_
            XDATA   054FH     0046H     UNIT         ?XD?MAIN
            XDATA   0595H     000FH     UNIT         ?XD?_READ_FONT_LIB_FROM_C_ARRAY?CHINESE_FONT_LIB
BL51 BANKED LINKER/LOCATER V6.22.2.0                                                  12/18/2018  17:25:09  PAGE 2


            XDATA   05A4H     0009H     UNIT         ?XD?_HEX_ARRAY_TO_HEX_STRING?SERIAL_PORT
            XDATA   05ADH     0008H     UNIT         ?XD?_ULONG_TO_HEX_STRING?SERIAL_PORT
            XDATA   05B5H     0007H     UNIT         ?XD?_REVERSE_IMAGE_RAM_DATA?OLED_SSD1306
            XDATA   05BCH     0005H     UNIT         ?XD?_UINT_TO_HEX_STRING?SERIAL_PORT
            XDATA   05C1H     0005H     UNIT         ?XD?_SETNUMBER?MAIN
            XDATA   05C6H     0005H     UNIT         ?XD?_SENDCHARWITH?MAIN
            XDATA   05CBH     0004H     UNIT         ?XD?_SEND_6BYTE?SERIAL_PORT
            XDATA   05CFH     0004H     UNIT         ?XD?_SEND_8BYTE?SERIAL_PORT
            XDATA   05D3H     0004H     UNIT         ?XD?_UCHAR_TO_HEX_STRING?SERIAL_PORT
            XDATA   05D7H     0003H     UNIT         ?XD?_SENDCHAR?MAIN
            XDATA   05DAH     0001H     UNIT         ?XD?GETCHAR?SERIAL_PORT

            * * * * * * *   C O D E   M E M O R Y   * * * * * * *
            CODE    0000H     0003H     ABSOLUTE     
            CODE    0003H     0008H     UNIT         ?CO?OLED_SSD1306
            CODE    000BH     0003H     ABSOLUTE     
            CODE    000EH     0015H     UNIT         ?PR?RECV_2BYTE?SERIAL_PORT
            CODE    0023H     0003H     ABSOLUTE     
            CODE    0026H     1900H     UNIT         ?CO?CHINESE_FONT_LIB
            CODE    1926H     1017H     UNIT         ?PR?_READ_FONT_LIB?CHINESE_FONT_LIB
            CODE    293DH     0417H     UNIT         ?C?LIB_CODE
            CODE    2D54H     03CEH     UNIT         ?PR?_RECEIVECHAR?MAIN
            CODE    3122H     0264H     UNIT         ?PR?_READ_FONT_LIB_FROM_C_ARRAY?CHINESE_FONT_LIB
            CODE    3386H     01DAH     UNIT         ?PR?_WRITE_HZ_ASC_STRING_TO_OLED_SSD1306?OLED_SSD1306
            CODE    3560H     0154H     UNIT         ?PR?_WRITE_BMP_MXN_TO_IMAGE_RAM?OLED_SSD1306
            CODE    36B4H     014AH     UNIT         ?PR?MAIN?MAIN
            CODE    37FEH     013CH     UNIT         ?PR?_READ_DHT11_CONVERT_VALUE?DHT11
            CODE    393AH     0131H     UNIT         ?PR?T0?MAIN
            CODE    3A6BH     010EH     UNIT         ?CO?MAIN
            CODE    3B79H     00C4H     UNIT         ?PR?_SETMINUTE?MAIN
            CODE    3C3DH     00C3H     UNIT         ?PR?_SETSECOND?MAIN
            CODE    3D00H     00C0H     UNIT         ?PR?_UINT_TO_DEC_STRING?SERIAL_PORT
            CODE    3DC0H     00B8H     UNIT         ?PR?INIT_OLED_SSD1306?OLED_SSD1306
            CODE    3E78H     00B8H     UNIT         ?PR?_SETNUMBER?MAIN
            CODE    3F30H     00ACH     UNIT         ?PR?PLAYMUSIC1?MAIN
            CODE    3FDCH     00ACH     UNIT         ?PR?PLAYMUSIC2?MAIN
            CODE    4088H     00ACH     UNIT         ?PR?PLAYMUSIC3?MAIN
            CODE    4134H     00A8H     UNIT         ?PR?_SETHOUR?MAIN
            CODE    41DCH     00A1H     UNIT         ?PR?_HEX_ARRAY_TO_HEX_STRING?SERIAL_PORT
            CODE    427DH     009FH     UNIT         ?PR?_ADDTIME?MAIN
            CODE    431CH     009EH     UNIT         ?PR?_TIME?MAIN
            CODE    43BAH     0098H     UNIT         ?PR?BREATH?MAIN
            CODE    4452H     0090H     UNIT         ?C_INITSEG
            CODE    44E2H     008CH     UNIT         ?C_C51STARTUP
            CODE    456EH     0088H     UNIT         ?PR?_REFRESH_PART_IMAGE_RAM_TO_OLED_DISPLAY?OLED_SSD1306
            CODE    45F6H     0078H     UNIT         ?PR?_SEND_8BYTE?SERIAL_PORT
            CODE    466EH     0078H     UNIT         ?PR?_ULONG_TO_HEX_STRING?SERIAL_PORT
            CODE    46E6H     0076H     UNIT         ?PR?_UINT_TO_HEX_STRING?SERIAL_PORT
            CODE    475CH     0075H     UNIT         ?PR?_REVERSE_IMAGE_RAM_DATA?OLED_SSD1306
            CODE    47D1H     006EH     UNIT         ?PR?_SEND_6BYTE?SERIAL_PORT
            CODE    483FH     0069H     UNIT         ?PR?_WRITE_POINT_TO_IMAGE_RAM?OLED_SSD1306
            CODE    48A8H     0069H     UNIT         ?PR?_POW10?MAIN
            CODE    4911H     0068H     UNIT         ?PR?BLUETOOTH?MAIN
            CODE    4979H     0065H     UNIT         ?PR?_SENDCHARWITH?MAIN
            CODE    49DEH     0063H     UNIT         ?PR?_NUMBER2SEG?MAIN
            CODE    4A41H     0062H     UNIT         ?PR?_UCHAR_TO_HEX_STRING?SERIAL_PORT
            CODE    4AA3H     005DH     UNIT         ?PR?_SENDCHAR?MAIN
BL51 BANKED LINKER/LOCATER V6.22.2.0                                                  12/18/2018  17:25:09  PAGE 3


            CODE    4B00H     0056H     UNIT         ?PR?PWM_INIT?MAIN
            CODE    4B56H     0052H     UNIT         ?PR?_SERIAL_OUT?SERIAL_PORT
            CODE    4BA8H     004EH     UNIT         ?PR?_SETPOSITION?MAIN
            CODE    4BF6H     004DH     UNIT         ?PR?_SSD1306_SPI_WRITE?OLED_SSD1306
            CODE    4C43H     0049H     UNIT         ?PR?_ASCII_TO_HEX?SERIAL_PORT
            CODE    4C8CH     0045H     UNIT         ?PR?_PWM3?MAIN
            CODE    4CD1H     0045H     UNIT         ?PR?_PWM4?MAIN
            CODE    4D16H     0045H     UNIT         ?PR?_PWM5?MAIN
            CODE    4D5BH     0044H     UNIT         ?C?LDIV
            CODE    4D9FH     003EH     UNIT         ?PR?REFRESH_IMAGE_RAM_TO_OLED_DISPLAY?OLED_SSD1306
            CODE    4DDDH     003AH     UNIT         ?PR?_FULL_IMAGE_RAM?OLED_SSD1306
            CODE    4E17H     0039H     UNIT         ?PR?CLEAR_OLED_DISPLAY?OLED_SSD1306
            CODE    4E50H     0039H     UNIT         ?PR?_READ_FONT_BIT_FORM_IMAGE_RAM?OLED_SSD1306
            CODE    4E89H     0036H     UNIT         ?PR?_MOTOR?MAIN
            CODE    4EBFH     0035H     UNIT         ?PR?_MUSIC?MAIN
            CODE    4EF4H     0031H     UNIT         ?PR?UARTINIT?SERIAL_PORT
            CODE    4F25H     002FH     UNIT         ?PR?SHOWSEGMENT?MAIN
            CODE    4F54H     0026H     UNIT         ?PR?_DELAY_MS?OLED_SSD1306
            CODE    4F7AH     0026H     UNIT         ?PR?_SETTIME?MAIN
            CODE    4FA0H     0025H     UNIT         ?PR?_SEND_4BYTE?SERIAL_PORT
            CODE    4FC5H     0023H     UNIT         ?PR?_FONT_LIB_CHIP_SPI_WRITE?CHINESE_FONT_LIB
            CODE    4FE8H     0023H     UNIT         ?PR?_HEX_TO_ASCII?SERIAL_PORT
            CODE    500BH     0023H     UNIT         ?PR?BLUETOOTHUART?MAIN
            CODE    502EH     0021H     UNIT         ?PR?FONT_LIB_CHIP_SPI_READ?CHINESE_FONT_LIB
            CODE    504FH     0021H     UNIT         ?PR?SERIAL_IN?SERIAL_PORT
            CODE    5070H     0020H     UNIT         ?PR?_OLED_SET_POSITION?OLED_SSD1306
            CODE    5090H     001EH     UNIT         ?PR?_DELAYMS?MAIN
            CODE    50AEH     001EH     UNIT         ?PR?_SENDINTWITH?MAIN
            CODE    50CCH     001DH     UNIT         ?PR?RECV_4BYTE?SERIAL_PORT
            CODE    50E9H     0019H     UNIT         ?PR?LIGHTOFF?MAIN
            CODE    5102H     0017H     UNIT         ?PR?T0INIT_2MS?MAIN
            CODE    5119H     0015H     UNIT         ?PR?_ISBIT?MAIN
            CODE    512EH     0015H     UNIT         ?PR?_LIGHT?MAIN
            CODE    5143H     0013H     UNIT         ?PR?_STRING_OUT?SERIAL_PORT
            CODE    5156H     0011H     UNIT         ?PR?GETCHAR?SERIAL_PORT
            CODE    5167H     0011H     UNIT         ?PR?_SEND_2BYTE?SERIAL_PORT
            CODE    5178H     0011H     UNIT         ?PR?_CLEARFLAG?MAIN
            CODE    5189H     0010H     UNIT         ?PR?_SETFLAG?MAIN
            CODE    5199H     0010H     UNIT         ?PR?INITSEGMENT?MAIN
            CODE    51A9H     000DH     UNIT         ?PR?INIT_CHINESE_FONT_LIB?CHINESE_FONT_LIB
            CODE    51B6H     000CH     UNIT         ?PR?DELAY1MS?OLED_SSD1306
            CODE    51C2H     000CH     UNIT         ?PR?BLUETOOTHINIT?MAIN
            CODE    51CEH     000BH     UNIT         ?PR?INITMOTOR?MAIN
            CODE    51D9H     000AH     UNIT         ?PR?INITRGB?MAIN
            CODE    51E3H     0009H     UNIT         ?PR?INIT_DHT11?DHT11
            CODE    51ECH     0009H     UNIT         ?PR?INIT_BUZZER?MAIN
            CODE    51F5H     0006H     UNIT         ?PR?_DHT?MAIN
            CODE    51FBH     0005H     UNIT         ?PR?_SETPOINT?MAIN
            CODE    5200H     0003H     UNIT         ?PR?_GETKEY?SERIAL_PORT
            CODE    5203H     0003H     UNIT         ?PR?_PUTCHAR?SERIAL_PORT
            CODE    5206H     0001H     UNIT         ?PR?OLED_SSD1306_TEST?OLED_SSD1306



OVERLAY MAP OF MODULE:   .\Objects\shiyan9 (CHINESE_FONT_LIB)


BL51 BANKED LINKER/LOCATER V6.22.2.0                                                  12/18/2018  17:25:09  PAGE 4


SEGMENT                                            XDATA_GROUP
  +--> CALLED SEGMENT                            START    LENGTH
----------------------------------------------------------------
?PR?T0?MAIN                                      -----    -----
  +--> ?PR?SHOWSEGMENT?MAIN
  +--> ?PR?_ADDTIME?MAIN
  +--> ?PR?_ISBIT?MAIN
  +--> ?PR?_CLEARFLAG?MAIN
  +--> ?PR?_SETFLAG?MAIN
  +--> ?PR?BREATH?MAIN

?PR?SHOWSEGMENT?MAIN                             -----    -----
  +--> ?PR?_SETPOSITION?MAIN

?PR?_ADDTIME?MAIN                                -----    -----
  +--> ?PR?_SETSECOND?MAIN
  +--> ?PR?_SETMINUTE?MAIN
  +--> ?PR?_SETHOUR?MAIN

?PR?_SETSECOND?MAIN                              050CH    0002H
  +--> ?PR?_NUMBER2SEG?MAIN

?PR?_SETMINUTE?MAIN                              050CH    0002H
  +--> ?PR?_NUMBER2SEG?MAIN

?PR?_SETHOUR?MAIN                                050CH    0002H
  +--> ?PR?_NUMBER2SEG?MAIN

?PR?BREATH?MAIN                                  -----    -----
  +--> ?PR?_PWM3?MAIN
  +--> ?PR?_PWM4?MAIN
  +--> ?PR?_PWM5?MAIN

*** NEW ROOT ***************************************************

?PR?BLUETOOTH?MAIN                               -----    -----
  +--> ?PR?_RECEIVECHAR?MAIN

?PR?_RECEIVECHAR?MAIN                            0504H    0002H
  +--> ?PR?_ISBIT?MAIN
  +--> ?PR?_CLEARFLAG?MAIN
  +--> ?PR?_POW10?MAIN
  +--> ?PR?_TIME?MAIN
  +--> ?PR?_LIGHT?MAIN
  +--> ?PR?_MOTOR?MAIN
  +--> ?PR?_MUSIC?MAIN
  +--> ?PR?_DHT?MAIN
  +--> ?PR?_SETFLAG?MAIN

?PR?_POW10?MAIN                                  0506H    0006H

?PR?_TIME?MAIN                                   0506H    0006H
  +--> ?PR?_SETTIME?MAIN

?PR?_SETTIME?MAIN                                -----    -----
  +--> ?PR?_SETSECOND?MAIN
  +--> ?PR?_SETMINUTE?MAIN
BL51 BANKED LINKER/LOCATER V6.22.2.0                                                  12/18/2018  17:25:09  PAGE 5


  +--> ?PR?_SETHOUR?MAIN

?PR?_LIGHT?MAIN                                  0506H    0001H
  +--> ?PR?LIGHTOFF?MAIN

?PR?LIGHTOFF?MAIN                                -----    -----
  +--> ?PR?_PWM3?MAIN
  +--> ?PR?_PWM4?MAIN
  +--> ?PR?_PWM5?MAIN

?PR?_MOTOR?MAIN                                  -----    -----
  +--> ?PR?_SETFLAG?MAIN
  +--> ?PR?_CLEARFLAG?MAIN

?PR?_DHT?MAIN                                    0506H    0001H

*** NEW ROOT ***************************************************

?C_C51STARTUP                                    -----    -----
  +--> ?PR?MAIN?MAIN
  +--> ?C_INITSEG

?PR?MAIN?MAIN                                    050EH    001EH
  +--> ?PR?INIT_CHINESE_FONT_LIB?CHINESE_FON...
  +--> ?PR?INIT_OLED_SSD1306?OLED_SSD1306
  +--> ?PR?_FULL_IMAGE_RAM?OLED_SSD1306
  +--> ?PR?INIT_DHT11?DHT11
  +--> ?CO?MAIN
  +--> ?PR?_WRITE_HZ_ASC_STRING_TO_OLED_SSD1...
  +--> ?PR?REFRESH_IMAGE_RAM_TO_OLED_DISPLAY...
  +--> ?PR?BLUETOOTHINIT?MAIN
  +--> ?PR?INITRGB?MAIN
  +--> ?PR?INITSEGMENT?MAIN
  +--> ?PR?INITMOTOR?MAIN
  +--> ?PR?PWM_INIT?MAIN
  +--> ?PR?INIT_BUZZER?MAIN
  +--> ?PR?_READ_DHT11_CONVERT_VALUE?DHT11
  +--> ?PR?_SENDINTWITH?MAIN
  +--> ?PR?_DELAY_MS?OLED_SSD1306
  +--> ?PR?_UINT_TO_DEC_STRING?SERIAL_PORT
  +--> ?PR?PLAYMUSIC1?MAIN
  +--> ?PR?PLAYMUSIC2?MAIN
  +--> ?PR?PLAYMUSIC3?MAIN

?PR?INIT_OLED_SSD1306?OLED_SSD1306               -----    -----
  +--> ?PR?_DELAY_MS?OLED_SSD1306
  +--> ?PR?_SSD1306_SPI_WRITE?OLED_SSD1306
  +--> ?PR?CLEAR_OLED_DISPLAY?OLED_SSD1306
  +--> ?PR?_OLED_SET_POSITION?OLED_SSD1306

?PR?_DELAY_MS?OLED_SSD1306                       0534H    0002H
  +--> ?PR?DELAY1MS?OLED_SSD1306

?PR?CLEAR_OLED_DISPLAY?OLED_SSD1306              -----    -----
  +--> ?PR?_SSD1306_SPI_WRITE?OLED_SSD1306

?PR?_OLED_SET_POSITION?OLED_SSD1306              -----    -----
BL51 BANKED LINKER/LOCATER V6.22.2.0                                                  12/18/2018  17:25:09  PAGE 6


  +--> ?PR?_SSD1306_SPI_WRITE?OLED_SSD1306

?PR?_WRITE_HZ_ASC_STRING_TO_OLED_SSD1...         052CH    000CH
  +--> ?PR?_READ_FONT_LIB?CHINESE_FONT_LIB
  +--> ?PR?_WRITE_BMP_MXN_TO_IMAGE_RAM?OLED_...
  +--> ?PR?_REFRESH_PART_IMAGE_RAM_TO_OLED_D...

?PR?_READ_FONT_LIB?CHINESE_FONT_LIB              0538H    0017H
  +--> ?PR?_FONT_LIB_CHIP_SPI_WRITE?CHINESE_...
  +--> ?PR?FONT_LIB_CHIP_SPI_READ?CHINESE_FO...

?PR?_WRITE_BMP_MXN_TO_IMAGE_RAM?OLED_...         0538H    0016H
  +--> ?CO?OLED_SSD1306
  +--> ?PR?_WRITE_POINT_TO_IMAGE_RAM?OLED_SS...

?PR?_REFRESH_PART_IMAGE_RAM_TO_OLED_D...         0538H    0008H
  +--> ?PR?_SSD1306_SPI_WRITE?OLED_SSD1306

?PR?REFRESH_IMAGE_RAM_TO_OLED_DISPLAY...         -----    -----
  +--> ?PR?_SSD1306_SPI_WRITE?OLED_SSD1306

?PR?BLUETOOTHINIT?MAIN                           -----    -----
  +--> ?PR?BLUETOOTHUART?MAIN

?PR?INITSEGMENT?MAIN                             -----    -----
  +--> ?PR?T0INIT_2MS?MAIN

?PR?_READ_DHT11_CONVERT_VALUE?DHT11              052CH    0008H
  +--> ?PR?_DELAY_MS?OLED_SSD1306

?PR?_UINT_TO_DEC_STRING?SERIAL_PORT              052CH    000BH
  +--> ?PR?_HEX_TO_ASCII?SERIAL_PORT

?PR?PLAYMUSIC1?MAIN                              052CH    0002H
  +--> ?CO?MAIN
  +--> ?PR?_DELAYMS?MAIN

?PR?PLAYMUSIC2?MAIN                              052CH    0002H
  +--> ?CO?MAIN
  +--> ?PR?_DELAYMS?MAIN

?PR?PLAYMUSIC3?MAIN                              052CH    0002H
  +--> ?CO?MAIN
  +--> ?PR?_DELAYMS?MAIN



SYMBOL TABLE OF MODULE:  .\Objects\shiyan9 (CHINESE_FONT_LIB)

  VALUE           TYPE          NAME
  ----------------------------------

  -------         MODULE        CHINESE_FONT_LIB
  C:0000H         SYMBOL        _ICE_DUMMY_
  D:0080H         PUBLIC        P0
  D:0090H         PUBLIC        P1
  D:00B4H         PUBLIC        P4M0
BL51 BANKED LINKER/LOCATER V6.22.2.0                                                  12/18/2018  17:25:09  PAGE 7


  D:00A0H         PUBLIC        P2
  D:00B3H         PUBLIC        P4M1
  D:00B0H         PUBLIC        P3
  D:00C0H         PUBLIC        P4
  C:16C6H         PUBLIC        HZ_Bmp10
  D:00C8H         PUBLIC        P5
  C:1806H         PUBLIC        HZ_Bmp20
  C:16E6H         PUBLIC        HZ_Bmp11
  D:00E8H         PUBLIC        P6
  C:1706H         PUBLIC        HZ_Bmp12
  D:00F8H         PUBLIC        P7
  C:1726H         PUBLIC        HZ_Bmp13
  C:1746H         PUBLIC        HZ_Bmp14
  C:1766H         PUBLIC        HZ_Bmp15
  C:1786H         PUBLIC        HZ_Bmp16
  C:17A6H         PUBLIC        HZ_Bmp17
  C:17C6H         PUBLIC        HZ_Bmp18
  C:17E6H         PUBLIC        HZ_Bmp19
  D:00A8H         PUBLIC        IE
  D:00B8H         PUBLIC        IP
  D:00D8H         PUBLIC        CCON
  C:0026H         PUBLIC        Ascii_Font_7x5
  C:02C6H         PUBLIC        Ascii_Font_8x6
  C:51A9H         PUBLIC        Init_Chinese_Font_Lib
  D:0098H         PUBLIC        SCON
  D:0088H         PUBLIC        TCON
  B:00C0H.3       PUBLIC        Font_Lib_Chip_SCK
  C:1866H         PUBLIC        JDQ_Bmp00
  C:18E6H         PUBLIC        JDQ_Bmp10
  C:18A6H         PUBLIC        JDQ_Bmp01
  C:1826H         PUBLIC        JDQ_Bmp11
  C:1586H         PUBLIC        HZ_Bmp0
  C:15A6H         PUBLIC        HZ_Bmp1
  C:15C6H         PUBLIC        HZ_Bmp2
  C:15E6H         PUBLIC        HZ_Bmp3
  C:1606H         PUBLIC        HZ_Bmp4
  X:0400H         PUBLIC        Font_Buffer
  C:1626H         PUBLIC        HZ_Bmp5
  C:05C6H         PUBLIC        Ascii_Font_12x6
  C:1646H         PUBLIC        HZ_Bmp6
  C:1666H         PUBLIC        HZ_Bmp7
  C:1686H         PUBLIC        HZ_Bmp8
  C:0A46H         PUBLIC        Ascii_Font_14x7
  C:16A6H         PUBLIC        HZ_Bmp9
  C:0F86H         PUBLIC        Ascii_Font_16x8
  C:502EH         PUBLIC        Font_Lib_Chip_Spi_Read
  C:3122H         PUBLIC        _Read_Font_Lib_From_C_Array
  B:00C0H.7       PUBLIC        Font_Lib_Chip_CS
  C:1926H         PUBLIC        _Read_Font_Lib
  C:4FC5H         PUBLIC        _Font_Lib_Chip_Spi_Write
  B:00C0H.0       PUBLIC        Font_Lib_Chip_SI
  D:00D0H         PUBLIC        PSW
  B:00C0H.1       PUBLIC        Font_Lib_Chip_SO
  -------         PROC          INIT_CHINESE_FONT_LIB
  C:51A9H         LINE#         28
  C:51A9H         LINE#         29
  C:51A9H         LINE#         31
BL51 BANKED LINKER/LOCATER V6.22.2.0                                                  12/18/2018  17:25:09  PAGE 8


  C:51ACH         LINE#         32
  C:51AFH         LINE#         33
  C:51B1H         LINE#         34
  C:51B3H         LINE#         35
  C:51B5H         LINE#         36
  -------         ENDPROC       INIT_CHINESE_FONT_LIB
  -------         PROC          _FONT_LIB_CHIP_SPI_WRITE
  D:0007H         SYMBOL        Write_Data
  -------         DO            
  D:0006H         SYMBOL        i
  -------         ENDDO         
  C:4FC5H         LINE#         39
  C:4FC5H         LINE#         40
  C:4FC5H         LINE#         42
  C:4FD1H         LINE#         43
  C:4FD1H         LINE#         44
  C:4FD3H         LINE#         45
  C:4FD8H         LINE#         46
  C:4FD8H         LINE#         47
  C:4FDAH         LINE#         48
  C:4FDCH         LINE#         50
  C:4FDCH         LINE#         51
  C:4FDEH         LINE#         52
  C:4FDEH         LINE#         53
  C:4FE2H         LINE#         54
  C:4FE4H         LINE#         55
  C:4FE7H         LINE#         56
  -------         ENDPROC       _FONT_LIB_CHIP_SPI_WRITE
  -------         PROC          FONT_LIB_CHIP_SPI_READ
  -------         DO            
  D:0006H         SYMBOL        i
  D:0007H         SYMBOL        Read_Data
  -------         ENDDO         
  C:502EH         LINE#         59
  C:502EH         LINE#         60
  C:502EH         LINE#         61
  C:5030H         LINE#         62
  C:5032H         LINE#         63
  C:503DH         LINE#         64
  C:503DH         LINE#         65
  C:5041H         LINE#         66
  C:5043H         LINE#         67
  C:5046H         LINE#         68
  C:5046H         LINE#         69
  C:5047H         LINE#         70
  C:5049H         LINE#         72
  C:5049H         LINE#         73
  C:5049H         LINE#         74
  C:5049H         LINE#         75
  C:504BH         LINE#         76
  C:504EH         LINE#         77
  C:504EH         LINE#         78
  -------         ENDPROC       FONT_LIB_CHIP_SPI_READ
  -------         PROC          _READ_FONT_LIB
  X:0538H         SYMBOL        Font_Num
  X:0539H         SYMBOL        FontCode
  X:053BH         SYMBOL        Data_Pointer
BL51 BANKED LINKER/LOCATER V6.22.2.0                                                  12/18/2018  17:25:09  PAGE 9


  -------         DO            
  X:053EH         SYMBOL        ASCIICode
  X:053FH         SYMBOL        M
  X:0540H         SYMBOL        N
  X:0541H         SYMBOL        Font_Data_Length
  X:0542H         SYMBOL        MSB
  X:0543H         SYMBOL        LSB
  X:0544H         SYMBOL        Font_Width
  X:0546H         SYMBOL        BaseAdd
  X:054AH         SYMBOL        Font_Start_Address
  X:054EH         SYMBOL        Arial_Time_Char_flag
  -------         ENDDO         
  C:1926H         LINE#         82
  C:193AH         LINE#         83
  C:193AH         LINE#         92
  C:1948H         LINE#         94
  C:1959H         LINE#         95
  C:1966H         LINE#         97
  C:196BH         LINE#         100
  C:19CEH         LINE#         101
  C:19CEH         LINE#         102
  C:19CEH         LINE#         103
  C:19CEH         LINE#         104
  C:19D6H         LINE#         105
  C:19E0H         LINE#         106
  C:19E8H         LINE#         108
  C:1A0DH         LINE#         109
  C:1A4AH         LINE#         110
  C:1A72H         LINE#         111
  C:1AE2H         LINE#         113
  C:1AF6H         LINE#         114
  C:1AF9H         LINE#         115
  C:1AF9H         LINE#         116
  C:1AF9H         LINE#         117
  C:1AF9H         LINE#         118
  C:1B01H         LINE#         119
  C:1B0BH         LINE#         120
  C:1B13H         LINE#         122
  C:1B38H         LINE#         123
  C:1B75H         LINE#         125
  C:1B9DH         LINE#         126
  C:1C0DH         LINE#         128
  C:1C21H         LINE#         129
  C:1C24H         LINE#         130
  C:1C24H         LINE#         132
  C:1C24H         LINE#         133
  C:1C24H         LINE#         134
  C:1C2CH         LINE#         135
  C:1C36H         LINE#         136
  C:1C3EH         LINE#         138
  C:1C63H         LINE#         139
  C:1CA0H         LINE#         141
  C:1CC8H         LINE#         142
  C:1D38H         LINE#         144
  C:1D4CH         LINE#         145
  C:1D4FH         LINE#         146
  C:1D4FH         LINE#         148
BL51 BANKED LINKER/LOCATER V6.22.2.0                                                  12/18/2018  17:25:09  PAGE 10


  C:1D4FH         LINE#         149
  C:1D4FH         LINE#         150
  C:1D57H         LINE#         151
  C:1D61H         LINE#         152
  C:1D69H         LINE#         154
  C:1D8EH         LINE#         155
  C:1DCBH         LINE#         157
  C:1DF3H         LINE#         158
  C:1E63H         LINE#         160
  C:1E77H         LINE#         161
  C:1E7AH         LINE#         162
  C:1E7AH         LINE#         164
  C:1E7AH         LINE#         165
  C:1E7AH         LINE#         166
  C:1E84H         LINE#         167
  C:1E8EH         LINE#         168
  C:1E96H         LINE#         170
  C:1EAFH         LINE#         171
  C:1EBBH         LINE#         173
  C:1ED4H         LINE#         174
  C:1F06H         LINE#         176
  C:1F1AH         LINE#         177
  C:1F1DH         LINE#         178
  C:1F1DH         LINE#         180
  C:1F1DH         LINE#         181
  C:1F1DH         LINE#         182
  C:1F27H         LINE#         183
  C:1F31H         LINE#         184
  C:1F39H         LINE#         186
  C:1F53H         LINE#         187
  C:1F85H         LINE#         189
  C:1F99H         LINE#         190
  C:1F9CH         LINE#         191
  C:1F9CH         LINE#         193
  C:1F9CH         LINE#         194
  C:1F9CH         LINE#         195
  C:1FA2H         LINE#         196
  C:1FAAH         LINE#         197
  C:1FB4H         LINE#         198
  C:1FBCH         LINE#         200
  C:1FD6H         LINE#         201
  C:2008H         LINE#         203
  C:201CH         LINE#         204
  C:201FH         LINE#         205
  C:201FH         LINE#         207
  C:201FH         LINE#         208
  C:201FH         LINE#         209
  C:2025H         LINE#         210
  C:202DH         LINE#         211
  C:2037H         LINE#         212
  C:203FH         LINE#         214
  C:2059H         LINE#         215
  C:208BH         LINE#         217
  C:209FH         LINE#         218
  C:20A2H         LINE#         219
  C:20A2H         LINE#         221
  C:20A2H         LINE#         222
BL51 BANKED LINKER/LOCATER V6.22.2.0                                                  12/18/2018  17:25:09  PAGE 11


  C:20A2H         LINE#         223
  C:20ACH         LINE#         224
  C:20B6H         LINE#         225
  C:20BEH         LINE#         227
  C:20D7H         LINE#         228
  C:20E3H         LINE#         230
  C:20FCH         LINE#         231
  C:212EH         LINE#         233
  C:2142H         LINE#         234
  C:2145H         LINE#         235
  C:2145H         LINE#         237
  C:2145H         LINE#         238
  C:2145H         LINE#         239
  C:214FH         LINE#         240
  C:2159H         LINE#         241
  C:2161H         LINE#         243
  C:217BH         LINE#         244
  C:21ADH         LINE#         246
  C:21C1H         LINE#         247
  C:21C4H         LINE#         248
  C:21C4H         LINE#         250
  C:21C4H         LINE#         251
  C:21C4H         LINE#         252
  C:21CEH         LINE#         253
  C:21D8H         LINE#         254
  C:21E0H         LINE#         256
  C:21FAH         LINE#         257
  C:222CH         LINE#         259
  C:2240H         LINE#         260
  C:2243H         LINE#         261
  C:2243H         LINE#         263
  C:2243H         LINE#         264
  C:2243H         LINE#         265
  C:224CH         LINE#         266
  C:2256H         LINE#         267
  C:225EH         LINE#         269
  C:2278H         LINE#         270
  C:22AAH         LINE#         272
  C:22BEH         LINE#         273
  C:22C1H         LINE#         274
  C:22C1H         LINE#         276
  C:22C1H         LINE#         277
  C:22C1H         LINE#         278
  C:22C7H         LINE#         279
  C:22CFH         LINE#         280
  C:22D9H         LINE#         281
  C:22E1H         LINE#         283
  C:22FBH         LINE#         284
  C:232DH         LINE#         286
  C:2341H         LINE#         287
  C:2344H         LINE#         288
  C:2344H         LINE#         290
  C:2344H         LINE#         291
  C:2344H         LINE#         292
  C:234AH         LINE#         293
  C:2352H         LINE#         294
  C:235CH         LINE#         295
BL51 BANKED LINKER/LOCATER V6.22.2.0                                                  12/18/2018  17:25:09  PAGE 12


  C:2364H         LINE#         297
  C:237EH         LINE#         298
  C:23B0H         LINE#         300
  C:23C4H         LINE#         301
  C:23C7H         LINE#         302
  C:23C7H         LINE#         304
  C:23C7H         LINE#         305
  C:23C7H         LINE#         306
  C:23D1H         LINE#         307
  C:23DBH         LINE#         308
  C:23F4H         LINE#         309
  C:2400H         LINE#         311
  C:2419H         LINE#         312
  C:244BH         LINE#         314
  C:245FH         LINE#         315
  C:2462H         LINE#         316
  C:2462H         LINE#         318
  C:2462H         LINE#         319
  C:2462H         LINE#         320
  C:246CH         LINE#         321
  C:2476H         LINE#         322
  C:247EH         LINE#         324
  C:2498H         LINE#         325
  C:24CAH         LINE#         327
  C:24DEH         LINE#         328
  C:24E1H         LINE#         329
  C:24E1H         LINE#         331
  C:24E1H         LINE#         332
  C:24E1H         LINE#         333
  C:24E7H         LINE#         334
  C:24EFH         LINE#         335
  C:24F9H         LINE#         336
  C:2501H         LINE#         338
  C:251BH         LINE#         339
  C:254DH         LINE#         341
  C:2561H         LINE#         342
  C:2564H         LINE#         343
  C:2564H         LINE#         345
  C:2564H         LINE#         346
  C:2564H         LINE#         347
  C:256AH         LINE#         348
  C:2572H         LINE#         349
  C:257CH         LINE#         350
  C:2584H         LINE#         352
  C:259EH         LINE#         353
  C:25D0H         LINE#         355
  C:25E4H         LINE#         356
  C:25E7H         LINE#         357
  C:25E7H         LINE#         359
  C:25E7H         LINE#         360
  C:25E7H         LINE#         361
  C:25F1H         LINE#         362
  C:25FBH         LINE#         363
  C:2603H         LINE#         365
  C:261CH         LINE#         366
  C:2628H         LINE#         368
  C:2641H         LINE#         369
BL51 BANKED LINKER/LOCATER V6.22.2.0                                                  12/18/2018  17:25:09  PAGE 13


  C:2673H         LINE#         371
  C:2687H         LINE#         372
  C:268AH         LINE#         373
  C:268AH         LINE#         375
  C:268AH         LINE#         376
  C:268AH         LINE#         377
  C:2694H         LINE#         378
  C:269EH         LINE#         379
  C:26A6H         LINE#         381
  C:26C0H         LINE#         382
  C:26F2H         LINE#         384
  C:2706H         LINE#         385
  C:2709H         LINE#         386
  C:2709H         LINE#         388
  C:2709H         LINE#         389
  C:2709H         LINE#         390
  C:270FH         LINE#         391
  C:2717H         LINE#         392
  C:2721H         LINE#         393
  C:2729H         LINE#         395
  C:2743H         LINE#         396
  C:2775H         LINE#         398
  C:2789H         LINE#         399
  C:278CH         LINE#         400
  C:278CH         LINE#         402
  C:278CH         LINE#         403
  C:278CH         LINE#         404
  C:2792H         LINE#         405
  C:279AH         LINE#         406
  C:27A4H         LINE#         407
  C:27ACH         LINE#         409
  C:27C6H         LINE#         410
  C:27F8H         LINE#         412
  C:280CH         LINE#         413
  C:280EH         LINE#         414
  C:280EH         LINE#         416
  C:280EH         LINE#         417
  C:280EH         LINE#         418
  C:2818H         LINE#         419
  C:2822H         LINE#         420
  C:282AH         LINE#         422
  C:2843H         LINE#         423
  C:2875H         LINE#         425
  C:2897H         LINE#         426
  C:2897H         LINE#         427
  C:2897H         LINE#         429
  C:2897H         LINE#         430
  C:2897H         LINE#         431
  C:2897H         LINE#         437
  C:2899H         LINE#         438
  C:289EH         LINE#         439
  C:28B3H         LINE#         440
  C:28C8H         LINE#         441
  C:28D9H         LINE#         444
  C:28DFH         LINE#         445
  C:28DFH         LINE#         446
  C:28EAH         LINE#         447
BL51 BANKED LINKER/LOCATER V6.22.2.0                                                  12/18/2018  17:25:09  PAGE 14


  C:28F7H         LINE#         448
  C:28F7H         LINE#         451
  C:28FDH         LINE#         452
  C:28FDH         LINE#         454
  C:290FH         LINE#         455
  C:2919H         LINE#         456
  C:291FH         LINE#         457
  C:2921H         LINE#         458
  C:2923H         LINE#         459
  C:2939H         LINE#         460
  C:293CH         LINE#         461
  -------         ENDPROC       _READ_FONT_LIB
  -------         PROC          _READ_FONT_LIB_FROM_C_ARRAY
  D:0007H         SYMBOL        Font_Num
  X:0595H         SYMBOL        ASCII_Code
  X:0596H         SYMBOL        Data_Pointer
  -------         DO            
  X:0599H         SYMBOL        M
  X:059AH         SYMBOL        N
  X:059BH         SYMBOL        Font_Data_Length
  X:059CH         SYMBOL        Font_Width
  X:059EH         SYMBOL        BaseAdd
  X:05A1H         SYMBOL        Font_Start_Address
  -------         ENDDO         
  C:3122H         LINE#         467
  C:3130H         LINE#         468
  C:3130H         LINE#         475
  C:3130H         LINE#         478
  C:314EH         LINE#         479
  C:314EH         LINE#         480
  C:314EH         LINE#         481
  C:314EH         LINE#         482
  C:3158H         LINE#         483
  C:3162H         LINE#         484
  C:3171H         LINE#         485
  C:3197H         LINE#         486
  C:31AEH         LINE#         487
  C:31B1H         LINE#         488
  C:31B1H         LINE#         489
  C:31B1H         LINE#         490
  C:31B1H         LINE#         491
  C:31BBH         LINE#         492
  C:31C5H         LINE#         493
  C:31D4H         LINE#         494
  C:31FAH         LINE#         495
  C:3211H         LINE#         496
  C:3214H         LINE#         497
  C:3214H         LINE#         498
  C:3214H         LINE#         499
  C:3214H         LINE#         500
  C:321EH         LINE#         501
  C:3228H         LINE#         502
  C:3237H         LINE#         503
  C:325DH         LINE#         504
  C:3274H         LINE#         505
  C:3276H         LINE#         506
  C:3276H         LINE#         507
BL51 BANKED LINKER/LOCATER V6.22.2.0                                                  12/18/2018  17:25:09  PAGE 15


  C:3276H         LINE#         508
  C:3276H         LINE#         509
  C:3280H         LINE#         510
  C:328AH         LINE#         511
  C:3299H         LINE#         512
  C:32BFH         LINE#         513
  C:32D7H         LINE#         514
  C:32D9H         LINE#         515
  C:32D9H         LINE#         516
  C:32D9H         LINE#         517
  C:32D9H         LINE#         518
  C:32E3H         LINE#         519
  C:32EDH         LINE#         520
  C:32FCH         LINE#         521
  C:3322H         LINE#         522
  C:333DH         LINE#         523
  C:333DH         LINE#         524
  C:333DH         LINE#         526
  C:333DH         LINE#         527
  C:333DH         LINE#         528
  C:333DH         LINE#         533
  C:3343H         LINE#         534
  C:3343H         LINE#         536
  C:3361H         LINE#         537
  C:336BH         LINE#         538
  C:3375H         LINE#         540
  C:337BH         LINE#         541
  C:337DH         LINE#         543
  C:3385H         LINE#         544
  -------         ENDPROC       _READ_FONT_LIB_FROM_C_ARRAY
  -------         ENDMOD        CHINESE_FONT_LIB

  -------         MODULE        OLED_SSD1306
  C:0000H         SYMBOL        _ICE_DUMMY_
  D:0080H         PUBLIC        P0
  D:0090H         PUBLIC        P1
  C:4D9FH         PUBLIC        Refresh_Image_Ram_To_OLED_Display
  D:00A0H         PUBLIC        P2
  D:00B0H         PUBLIC        P3
  D:00CCH         PUBLIC        P6M0
  D:00C0H         PUBLIC        P4
  C:51B6H         PUBLIC        Delay1ms
  D:00CBH         PUBLIC        P6M1
  D:00C8H         PUBLIC        P5
  C:475CH         PUBLIC        _Reverse_Image_Ram_Data
  D:00E8H         PUBLIC        P6
  D:00F8H         PUBLIC        P7
  D:00A8H         PUBLIC        IE
  C:4F54H         PUBLIC        _Delay_Ms
  D:00B8H         PUBLIC        IP
  D:00D8H         PUBLIC        CCON
  C:4E17H         PUBLIC        Clear_OLED_Display
  C:4C12H         PUBLIC        _SSD1306_Spi_Write
  C:3DC0H         PUBLIC        Init_OLED_SSD1306
  D:0098H         PUBLIC        SCON
  D:0088H         PUBLIC        TCON
  B:00E8H.0       PUBLIC        P60
BL51 BANKED LINKER/LOCATER V6.22.2.0                                                  12/18/2018  17:25:09  PAGE 16


  B:00E8H.1       PUBLIC        P61
  C:4E50H         PUBLIC        _Read_Font_Bit_Form_Image_Ram
  B:00E8H.2       PUBLIC        P62
  B:00E8H.3       PUBLIC        P63
  B:00E8H.4       PUBLIC        P64
  C:5206H         PUBLIC        OLED_SSD1306_Test
  C:0003H         SYMBOL        _?ix1000
  C:3386H         PUBLIC        _Write_HZ_ASC_String_TO_OLED_SSD1306
  C:4DDDH         PUBLIC        _Full_Image_Ram
  X:0000H         PUBLIC        Image_Ram
  C:483FH         PUBLIC        _Write_Point_To_Image_Ram
  C:5070H         PUBLIC        _OLED_Set_Position
  C:3560H         PUBLIC        _Write_Bmp_MxN_To_Image_Ram
  D:00D0H         PUBLIC        PSW
  C:456EH         PUBLIC        _Refresh_Part_Image_Ram_To_OLED_Display
  -------         PROC          _DELAY_MS
  X:0534H         SYMBOL        Time_Ms_Val
  C:4F54H         LINE#         79
  C:4F5CH         LINE#         80
  C:4F5CH         LINE#         81
  C:4F66H         LINE#         82
  C:4F66H         LINE#         83
  C:4F69H         LINE#         84
  C:4F77H         LINE#         85
  C:4F79H         LINE#         86
  -------         ENDPROC       _DELAY_MS
  -------         PROC          DELAY1MS
  -------         DO            
  D:0007H         SYMBOL        i
  D:0006H         SYMBOL        j
  -------         ENDDO         
  C:51B6H         LINE#         89
  C:51B6H         LINE#         90
  C:51B6H         LINE#         93
  C:51B7H         LINE#         94
  C:51B8H         LINE#         95
  C:51B9H         LINE#         96
  C:51BBH         LINE#         97
  C:51BDH         LINE#         99
  C:51BDH         LINE#         100
  C:51BFH         LINE#         101
  C:51C1H         LINE#         102
  -------         ENDPROC       DELAY1MS
  -------         PROC          L?0129
  -------         ENDPROC       L?0129
  -------         PROC          _SSD1306_SPI_WRITE
  D:0007H         SYMBOL        Write_Data
  D:0005H         SYMBOL        Cmd_Dat_Flag
  -------         DO            
  D:0006H         SYMBOL        i
  -------         ENDDO         
  C:4C12H         LINE#         110
  C:4C12H         LINE#         111
  C:4C12H         LINE#         114
  C:4C15H         LINE#         115
  C:4C15H         LINE#         116
  C:4C17H         LINE#         117
BL51 BANKED LINKER/LOCATER V6.22.2.0                                                  12/18/2018  17:25:09  PAGE 17


  C:4C19H         LINE#         119
  C:4C19H         LINE#         120
  C:4C1BH         LINE#         121
  C:4C1BH         LINE#         122
  C:4C1DH         LINE#         123
  C:4C29H         LINE#         124
  C:4C29H         LINE#         125
  C:4C2BH         LINE#         126
  C:4C2FH         LINE#         127
  C:4C2FH         LINE#         128
  C:4C31H         LINE#         129
  C:4C33H         LINE#         131
  C:4C33H         LINE#         132
  C:4C35H         LINE#         133
  C:4C35H         LINE#         134
  C:4C39H         LINE#         135
  C:4C3BH         LINE#         136
  C:4C3EH         LINE#         137
  C:4C40H         LINE#         138
  C:4C42H         LINE#         139
  -------         ENDPROC       _SSD1306_SPI_WRITE
  -------         PROC          _OLED_SET_POSITION
  D:0004H         SYMBOL        x
  D:0005H         SYMBOL        y
  C:5070H         LINE#         142
  C:5072H         LINE#         143
  C:5072H         LINE#         144
  C:507BH         LINE#         145
  C:5087H         LINE#         146
  -------         ENDPROC       _OLED_SET_POSITION
  -------         PROC          _FULL_IMAGE_RAM
  D:0007H         SYMBOL        Full_Data
  -------         DO            
  D:0006H         SYMBOL        Page
  D:0005H         SYMBOL        Colunm
  -------         ENDDO         
  C:4DDDH         LINE#         151
  C:4DDDH         LINE#         152
  C:4DDDH         LINE#         154
  C:4DE9H         LINE#         155
  C:4DE9H         LINE#         156
  C:4DF5H         LINE#         157
  C:4DF5H         LINE#         158
  C:4E10H         LINE#         159
  C:4E13H         LINE#         160
  C:4E16H         LINE#         161
  -------         ENDPROC       _FULL_IMAGE_RAM
  -------         PROC          _REVERSE_IMAGE_RAM_DATA
  X:05B5H         SYMBOL        x
  X:05B6H         SYMBOL        y
  X:05B7H         SYMBOL        M
  X:05B8H         SYMBOL        N
  -------         DO            
  X:05B9H         SYMBOL        i
  X:05BAH         SYMBOL        j
  X:05BBH         SYMBOL        Font_Bit
  -------         ENDDO         
BL51 BANKED LINKER/LOCATER V6.22.2.0                                                  12/18/2018  17:25:09  PAGE 18


  C:475CH         LINE#         164
  C:4767H         LINE#         165
  C:4767H         LINE#         167
  C:4779H         LINE#         168
  C:4779H         LINE#         169
  C:478AH         LINE#         170
  C:478AH         LINE#         171
  C:47A3H         LINE#         172
  C:47A7H         LINE#         173
  C:47C0H         LINE#         174
  C:47C8H         LINE#         175
  C:47D0H         LINE#         176
  -------         ENDPROC       _REVERSE_IMAGE_RAM_DATA
  -------         PROC          CLEAR_OLED_DISPLAY
  -------         DO            
  D:0004H         SYMBOL        i
  D:0003H         SYMBOL        n
  -------         ENDDO         
  C:4E17H         LINE#         179
  C:4E17H         LINE#         180
  C:4E17H         LINE#         182
  C:4E23H         LINE#         183
  C:4E23H         LINE#         184
  C:4E2CH         LINE#         185
  C:4E31H         LINE#         186
  C:4E36H         LINE#         187
  C:4E42H         LINE#         188
  C:4E42H         LINE#         189
  C:4E49H         LINE#         190
  C:4E4CH         LINE#         191
  C:4E4FH         LINE#         192
  -------         ENDPROC       CLEAR_OLED_DISPLAY
  -------         PROC          INIT_OLED_SSD1306
  C:3DC0H         LINE#         209
  C:3DC0H         LINE#         210
  C:3DC0H         LINE#         211
  C:3DC3H         LINE#         212
  C:3DC6H         LINE#         214
  C:3DC8H         LINE#         215
  C:3DCAH         LINE#         216
  C:3DD1H         LINE#         217
  C:3DD3H         LINE#         218
  C:3DDAH         LINE#         219
  C:3DDCH         LINE#         221
  C:3DDEH         LINE#         222
  C:3DE5H         LINE#         223
  C:3DEAH         LINE#         224
  C:3DEFH         LINE#         225
  C:3DF4H         LINE#         226
  C:3DF9H         LINE#         227
  C:3DFEH         LINE#         228
  C:3E03H         LINE#         229
  C:3E08H         LINE#         230
  C:3E0DH         LINE#         231
  C:3E12H         LINE#         232
  C:3E17H         LINE#         233
  C:3E1CH         LINE#         234
BL51 BANKED LINKER/LOCATER V6.22.2.0                                                  12/18/2018  17:25:09  PAGE 19


  C:3E21H         LINE#         235
  C:3E26H         LINE#         236
  C:3E2BH         LINE#         237
  C:3E30H         LINE#         238
  C:3E35H         LINE#         239
  C:3E3AH         LINE#         240
  C:3E3FH         LINE#         241
  C:3E44H         LINE#         242
  C:3E49H         LINE#         243
  C:3E4EH         LINE#         244
  C:3E53H         LINE#         245
  C:3E58H         LINE#         246
  C:3E5DH         LINE#         247
  C:3E62H         LINE#         248
  C:3E67H         LINE#         249
  C:3E6CH         LINE#         251
  C:3E6FH         LINE#         252
  C:3E75H         LINE#         253
  C:3E77H         LINE#         255
  -------         ENDPROC       INIT_OLED_SSD1306
  -------         PROC          REFRESH_IMAGE_RAM_TO_OLED_DISPLAY
  -------         DO            
  D:0004H         SYMBOL        Page
  D:0003H         SYMBOL        Colunm
  -------         ENDDO         
  C:4D9FH         LINE#         258
  C:4D9FH         LINE#         259
  C:4D9FH         LINE#         261
  C:4DABH         LINE#         262
  C:4DABH         LINE#         263
  C:4DADH         LINE#         264
  C:4DAFH         LINE#         265
  C:4DB8H         LINE#         266
  C:4DBDH         LINE#         267
  C:4DC2H         LINE#         268
  C:4DC4H         LINE#         269
  C:4DD0H         LINE#         270
  C:4DD0H         LINE#         271
  C:4DD4H         LINE#         272
  C:4DD7H         LINE#         273
  C:4DD9H         LINE#         274
  C:4DDCH         LINE#         275
  -------         ENDPROC       REFRESH_IMAGE_RAM_TO_OLED_DISPLAY
  -------         PROC          _REFRESH_PART_IMAGE_RAM_TO_OLED_DISPLAY
  D:0004H         SYMBOL        x
  D:0001H         SYMBOL        y
  D:0003H         SYMBOL        M
  X:053BH         SYMBOL        N
  -------         DO            
  D:0002H         SYMBOL        Page
  X:053CH         SYMBOL        Page_Max
  D:0003H         SYMBOL        Colunm
  X:053DH         SYMBOL        Colunm_Max
  X:053EH         SYMBOL        xl
  X:053FH         SYMBOL        xh
  -------         ENDDO         
  C:456EH         LINE#         277
BL51 BANKED LINKER/LOCATER V6.22.2.0                                                  12/18/2018  17:25:09  PAGE 20


  C:4572H         LINE#         278
  C:4572H         LINE#         279
  C:4595H         LINE#         280
  C:45A0H         LINE#         281
  C:45ADH         LINE#         282
  C:45C0H         LINE#         283
  C:45C0H         LINE#         284
  C:45C2H         LINE#         285
  C:45C4H         LINE#         286
  C:45CDH         LINE#         287
  C:45D5H         LINE#         288
  C:45DBH         LINE#         289
  C:45DDH         LINE#         290
  C:45E9H         LINE#         291
  C:45E9H         LINE#         292
  C:45EDH         LINE#         293
  C:45F0H         LINE#         294
  C:45F2H         LINE#         295
  C:45F5H         LINE#         296
  -------         ENDPROC       _REFRESH_PART_IMAGE_RAM_TO_OLED_DISPLAY
  -------         PROC          _WRITE_POINT_TO_IMAGE_RAM
  D:0007H         SYMBOL        x
  D:0005H         SYMBOL        y
  D:0001H         SYMBOL        Font_Bit
  -------         DO            
  D:0004H         SYMBOL        Font_Byte_Data
  D:0005H         SYMBOL        Font_Byte_Bits
  D:0006H         SYMBOL        Page
  D:0007H         SYMBOL        Column
  -------         ENDDO         
  C:483FH         LINE#         299
  C:4841H         LINE#         300
  C:4841H         LINE#         304
  C:4845H         LINE#         305
  C:484CH         LINE#         306
  C:4850H         LINE#         308
  C:486BH         LINE#         310
  C:4870H         LINE#         311
  C:4870H         LINE#         312
  C:487CH         LINE#         313
  C:487EH         LINE#         315
  C:487EH         LINE#         316
  C:488CH         LINE#         317
  C:488CH         LINE#         319
  C:48A7H         LINE#         320
  -------         ENDPROC       _WRITE_POINT_TO_IMAGE_RAM
  -------         PROC          _READ_FONT_BIT_FORM_IMAGE_RAM
  D:0007H         SYMBOL        x
  D:0005H         SYMBOL        y
  -------         DO            
  D:0007H         SYMBOL        Font_Bit
  D:0007H         SYMBOL        Font_Byte_Data
  D:0005H         SYMBOL        Font_Byte_Bits
  D:0006H         SYMBOL        Page
  D:0007H         SYMBOL        Column
  -------         ENDDO         
  C:4E50H         LINE#         323
BL51 BANKED LINKER/LOCATER V6.22.2.0                                                  12/18/2018  17:25:09  PAGE 21


  C:4E50H         LINE#         324
  C:4E50H         LINE#         328
  C:4E54H         LINE#         329
  C:4E5BH         LINE#         330
  C:4E5FH         LINE#         332
  C:4E7AH         LINE#         334
  C:4E88H         LINE#         336
  C:4E88H         LINE#         337
  -------         ENDPROC       _READ_FONT_BIT_FORM_IMAGE_RAM
  -------         PROC          _WRITE_BMP_MXN_TO_IMAGE_RAM
  X:0538H         SYMBOL        x
  X:0539H         SYMBOL        y
  X:053AH         SYMBOL        M
  X:053BH         SYMBOL        N
  X:053CH         SYMBOL        Bmp_Pointer
  -------         DO            
  D:0002H         SYMBOL        Bmp_Data
  X:053FH         SYMBOL        i
  X:0541H         SYMBOL        j
  X:0543H         SYMBOL        k
  X:0545H         SYMBOL        Col_Bytes
  X:0546H         SYMBOL        Mask
  -------         ENDDO         
  C:3560H         LINE#         360
  C:356BH         LINE#         361
  C:356BH         LINE#         365
  C:357EH         LINE#         368
  C:3596H         LINE#         370
  C:35B3H         LINE#         371
  C:35B3H         LINE#         372
  C:35D0H         LINE#         373
  C:35D0H         LINE#         374
  C:35DFH         LINE#         375
  C:35E9H         LINE#         376
  C:3603H         LINE#         377
  C:3603H         LINE#         378
  C:3625H         LINE#         379
  C:3625H         LINE#         380
  C:3625H         LINE#         381
  C:3625H         LINE#         382
  C:363DH         LINE#         383
  C:363DH         LINE#         384
  C:3659H         LINE#         385
  C:365BH         LINE#         387
  C:365BH         LINE#         388
  C:3680H         LINE#         389
  C:3680H         LINE#         390
  C:3691H         LINE#         391
  C:36A2H         LINE#         392
  C:36B3H         LINE#         394
  -------         ENDPROC       _WRITE_BMP_MXN_TO_IMAGE_RAM
  -------         PROC          OLED_SSD1306_TEST
  C:5206H         LINE#         456
  C:5206H         LINE#         457
  C:5206H         LINE#         530
  -------         ENDPROC       OLED_SSD1306_TEST
  -------         PROC          _WRITE_HZ_ASC_STRING_TO_OLED_SSD1306
BL51 BANKED LINKER/LOCATER V6.22.2.0                                                  12/18/2018  17:25:09  PAGE 22


  X:052CH         SYMBOL        Font_Num
  X:052DH         SYMBOL        x
  X:052EH         SYMBOL        y
  X:052FH         SYMBOL        HZ_ASC_String_Pointer
  -------         DO            
  X:0532H         SYMBOL        M
  X:0533H         SYMBOL        N
  X:0534H         SYMBOL        Font_Width
  D:0004H         SYMBOL        HZ_ASC_Code
  X:0536H         SYMBOL        HZ_Font_Num
  X:0537H         SYMBOL        A_Font_Num
  -------         ENDDO         
  C:3386H         LINE#         534
  C:3391H         LINE#         535
  C:3391H         LINE#         539
  C:339DH         LINE#         540
  C:33FCH         LINE#         541
  C:33FCH         LINE#         542
  C:33FEH         LINE#         543
  C:3400H         LINE#         544
  C:3402H         LINE#         545
  C:3404H         LINE#         546
  C:340CH         LINE#         547
  C:340CH         LINE#         548
  C:340CH         LINE#         549
  C:340EH         LINE#         550
  C:340EH         LINE#         551
  C:3416H         LINE#         552
  C:3416H         LINE#         553
  C:341EH         LINE#         554
  C:341EH         LINE#         555
  C:3420H         LINE#         556
  C:3428H         LINE#         557
  C:3428H         LINE#         558
  C:3428H         LINE#         559
  C:3430H         LINE#         560
  C:3438H         LINE#         561
  C:3438H         LINE#         562
  C:3438H         LINE#         563
  C:3440H         LINE#         564
  C:3446H         LINE#         565
  C:3446H         LINE#         566
  C:3446H         LINE#         568
  C:3452H         LINE#         569
  C:3465H         LINE#         570
  C:3465H         LINE#         571
  C:3468H         LINE#         572
  C:3470H         LINE#         573
  C:3470H         LINE#         574
  C:3474H         LINE#         575
  C:347EH         LINE#         576
  C:3491H         LINE#         577
  C:3494H         LINE#         578
  C:3496H         LINE#         580
  C:349EH         LINE#         581
  C:34B4H         LINE#         582
  C:34C1H         LINE#         583
BL51 BANKED LINKER/LOCATER V6.22.2.0                                                  12/18/2018  17:25:09  PAGE 23


  C:34C6H         LINE#         584
  C:34CFH         LINE#         585
  C:34E1H         LINE#         586
  C:34E1H         LINE#         587
  C:34F0H         LINE#         588
  C:34F0H         LINE#         590
  C:3514H         LINE#         592
  C:352AH         LINE#         593
  C:3534H         LINE#         595
  C:3540H         LINE#         597
  C:354DH         LINE#         598
  C:354DH         LINE#         599
  C:355CH         LINE#         600
  C:355CH         LINE#         601
  C:355FH         LINE#         602
  -------         ENDPROC       _WRITE_HZ_ASC_STRING_TO_OLED_SSD1306
  -------         ENDMOD        OLED_SSD1306

  -------         MODULE        DHT11
  C:0000H         SYMBOL        _ICE_DUMMY_
  D:0080H         PUBLIC        P0
  D:0090H         PUBLIC        P1
  D:00B4H         PUBLIC        P4M0
  D:00A0H         PUBLIC        P2
  D:00B3H         PUBLIC        P4M1
  D:00B0H         PUBLIC        P3
  D:00C0H         PUBLIC        P4
  D:00C8H         PUBLIC        P5
  D:00E8H         PUBLIC        P6
  D:00F8H         PUBLIC        P7
  D:00A8H         PUBLIC        IE
  D:00B8H         PUBLIC        IP
  D:00D8H         PUBLIC        CCON
  D:0098H         PUBLIC        SCON
  D:0088H         PUBLIC        TCON
  C:51E3H         PUBLIC        Init_DHT11
  B:00C0H.6       PUBLIC        DHT11_DATA
  C:37FEH         PUBLIC        _Read_DHT11_Convert_Value
  D:00D0H         PUBLIC        PSW
  -------         PROC          INIT_DHT11
  C:51E3H         LINE#         29
  C:51E3H         LINE#         30
  C:51E3H         LINE#         31
  C:51E6H         LINE#         32
  C:51E9H         LINE#         33
  C:51EBH         LINE#         34
  -------         ENDPROC       INIT_DHT11
  -------         PROC          _READ_DHT11_CONVERT_VALUE
  X:052CH         SYMBOL        Data_Pointer
  -------         DO            
  D:0007H         SYMBOL        i
  D:0006H         SYMBOL        j
  X:052FH         SYMBOL        Temp_Data
  X:0530H         SYMBOL        Count_80us_L_Value
  X:0531H         SYMBOL        Count_80us_H_Value
  D:0005H         SYMBOL        Count_H_Value
  X:0532H         SYMBOL        Compare_50us_Value
BL51 BANKED LINKER/LOCATER V6.22.2.0                                                  12/18/2018  17:25:09  PAGE 24


  X:0533H         SYMBOL        Temp_Count_Value
  -------         ENDDO         
  C:37FEH         LINE#         37
  C:3809H         LINE#         38
  C:3809H         LINE#         45
  C:380EH         LINE#         46
  C:3810H         LINE#         47
  C:3817H         LINE#         49
  C:3819H         LINE#         50
  C:3820H         LINE#         54
  C:3822H         LINE#         55
  C:3827H         LINE#         56
  C:382AH         LINE#         57
  C:382AH         LINE#         58
  C:3830H         LINE#         59
  C:3833H         LINE#         60
  C:3835H         LINE#         61
  C:3835H         LINE#         64
  C:3838H         LINE#         65
  C:3838H         LINE#         66
  C:383EH         LINE#         67
  C:3841H         LINE#         68
  C:3843H         LINE#         69
  C:3843H         LINE#         72
  C:3846H         LINE#         73
  C:3846H         LINE#         74
  C:384CH         LINE#         75
  C:384FH         LINE#         76
  C:3851H         LINE#         77
  C:3851H         LINE#         81
  C:385FH         LINE#         82
  C:386FH         LINE#         84
  C:387BH         LINE#         85
  C:387BH         LINE#         86
  C:3880H         LINE#         87
  C:388BH         LINE#         88
  C:388BH         LINE#         89
  C:3892H         LINE#         90
  C:3894H         LINE#         92
  C:3898H         LINE#         93
  C:389BH         LINE#         94
  C:389BH         LINE#         95
  C:38A1H         LINE#         96
  C:38A4H         LINE#         97
  C:38A6H         LINE#         98
  C:38A6H         LINE#         100
  C:38A9H         LINE#         101
  C:38A9H         LINE#         102
  C:38AAH         LINE#         103
  C:38ADH         LINE#         104
  C:38AFH         LINE#         105
  C:38AFH         LINE#         106
  C:38B9H         LINE#         107
  C:38B9H         LINE#         108
  C:38BFH         LINE#         109
  C:38BFH         LINE#         110
  C:38C2H         LINE#         111
BL51 BANKED LINKER/LOCATER V6.22.2.0                                                  12/18/2018  17:25:09  PAGE 25


  C:38E2H         LINE#         112
  C:38E5H         LINE#         114
  C:38EAH         LINE#         115
  C:38F5H         LINE#         116
  C:38F5H         LINE#         117
  C:3914H         LINE#         118
  C:3917H         LINE#         119
  C:3934H         LINE#         120
  C:3934H         LINE#         121
  C:3937H         LINE#         122
  C:3937H         LINE#         124
  C:3937H         LINE#         125
  C:3939H         LINE#         126
  C:3939H         LINE#         127
  -------         ENDPROC       _READ_DHT11_CONVERT_VALUE
  -------         ENDMOD        DHT11

  -------         MODULE        SERIAL_PORT
  C:0000H         SYMBOL        _ICE_DUMMY_
  D:0080H         PUBLIC        P0
  D:0090H         PUBLIC        P1
  D:00A0H         PUBLIC        P2
  D:00B0H         PUBLIC        P3
  D:0008H         PUBLIC        Trans_End
  D:00C0H         PUBLIC        P4
  D:00C8H         PUBLIC        P5
  B:00A8H.7       PUBLIC        EA
  D:00E8H         PUBLIC        P6
  D:00F8H         PUBLIC        P7
  X:0482H         PUBLIC        Trans_Buf
  D:0009H         PUBLIC        Recv_End
  D:00A8H         PUBLIC        IE
  C:466EH         PUBLIC        _Ulong_To_Hex_String
  C:3D00H         PUBLIC        _Uint_To_Dec_String
  C:41DCH         PUBLIC        _Hex_Array_To_Hex_String
  X:04C2H         PUBLIC        Recv_Buf
  C:5143H         PUBLIC        _String_Out
  C:4FF5H         PUBLIC        _Hex_To_Ascii
  C:4C57H         PUBLIC        _Ascii_To_Hex
  D:00B8H         PUBLIC        IP
  B:0098H.1       PUBLIC        TI
  D:00D8H         PUBLIC        CCON
  C:46E6H         PUBLIC        _Uint_To_Hex_String
  D:0099H         PUBLIC        SBUF
  D:0087H         PUBLIC        PCON
  D:0098H         PUBLIC        SCON
  C:5167H         PUBLIC        _Send_2Byte
  C:4EF4H         PUBLIC        UartInit
  D:0089H         PUBLIC        TMOD
  D:0088H         PUBLIC        TCON
  C:4FA0H         PUBLIC        _Send_4Byte
  C:47D1H         PUBLIC        _Send_6Byte
  C:45F6H         PUBLIC        _Send_8Byte
  C:000EH         PUBLIC        Recv_2Byte
  C:50CCH         PUBLIC        Recv_4Byte
  D:008EH         PUBLIC        AUXR
  B:00A8H.3       PUBLIC        ET1
BL51 BANKED LINKER/LOCATER V6.22.2.0                                                  12/18/2018  17:25:09  PAGE 26


  D:008DH         PUBLIC        TH1
  D:008BH         PUBLIC        TL1
  B:0088H.6       PUBLIC        TR1
  C:5156H         PUBLIC        getchar
  D:000AH         PUBLIC        Trans_Data
  D:000BH         PUBLIC        Trans_In_Pointer
  D:000CH         PUBLIC        Trans_Out_Pointer
  C:5200H         PUBLIC        _getkey
  D:000DH         PUBLIC        Recv_Data
  D:000EH         PUBLIC        Recv_In_Pointer
  D:000FH         PUBLIC        Recv_Out_Pointer
  D:0020H         PUBLIC        Uart_Flag
  D:00D0H         PUBLIC        PSW
  C:5203H         PUBLIC        _putchar
  C:504FH         PUBLIC        Serial_In
  C:4A41H         PUBLIC        _Uchar_To_Hex_String
  C:4B6EH         PUBLIC        _Serial_Out
  -------         PROC          GETCHAR
  -------         DO            
  X:05DAH         SYMBOL        In_Char
  -------         ENDDO         
  C:5156H         LINE#         43
  C:5156H         LINE#         44
  C:5156H         LINE#         46
  C:515EH         LINE#         47
  C:5161H         LINE#         48
  C:5166H         LINE#         49
  -------         ENDPROC       GETCHAR
  -------         PROC          _GETKEY
  -------         DO            
  D:0007H         SYMBOL        In_Char
  -------         ENDDO         
  C:5200H         LINE#         51
  C:5200H         LINE#         52
  C:5200H         LINE#         54
  -------         ENDPROC       _GETKEY
  -------         PROC          _PUTCHAR
  D:0007H         SYMBOL        Out_Char
  C:5203H         LINE#         57
  C:5203H         LINE#         58
  C:5203H         LINE#         59
  -------         ENDPROC       _PUTCHAR
  -------         PROC          UARTINIT
  C:4EF4H         LINE#         65
  C:4EF4H         LINE#         66
  C:4EF4H         LINE#         67
  C:4EF7H         LINE#         68
  C:4EFAH         LINE#         69
  C:4EFDH         LINE#         70
  C:4F00H         LINE#         71
  C:4F03H         LINE#         72
  C:4F06H         LINE#         73
  C:4F09H         LINE#         74
  C:4F0CH         LINE#         75
  C:4F0EH         LINE#         76
  C:4F10H         LINE#         78
  C:4F12H         LINE#         81
BL51 BANKED LINKER/LOCATER V6.22.2.0                                                  12/18/2018  17:25:09  PAGE 27


  C:4F14H         LINE#         83
  C:4F17H         LINE#         84
  C:4F1AH         LINE#         85
  C:4F1CH         LINE#         86
  C:4F1FH         LINE#         87
  C:4F21H         LINE#         88
  C:4F24H         LINE#         89
  -------         ENDPROC       UARTINIT
  -------         PROC          SERIAL_IN
  -------         DO            
  D:0007H         SYMBOL        Temp_Data
  -------         ENDDO         
  C:504FH         LINE#         136
  C:504FH         LINE#         137
  C:504FH         LINE#         140
  C:5055H         LINE#         142
  C:5062H         LINE#         143
  C:5069H         LINE#         144
  C:506CH         LINE#         145
  C:506CH         LINE#         146
  C:506FH         LINE#         147
  C:506FH         LINE#         149
  C:506FH         LINE#         151
  -------         ENDPROC       SERIAL_IN
  C:4B64H         SYMBOL        L?0058
  C:4B68H         SYMBOL        L?0059
  -------         PROC          L?0057
  -------         ENDPROC       L?0057
  C:4B64H         SYMBOL        L?0058
  C:4B68H         SYMBOL        L?0059
  -------         PROC          _SERIAL_OUT
  D:0007H         SYMBOL        Serial_Out_Data
  C:4B6EH         LINE#         161
  C:4B6EH         LINE#         162
  C:4B6EH         LINE#         164
  C:4B78H         LINE#         165
  C:4B78H         LINE#         167
  C:4B78H         LINE#         168
  C:4B7EH         LINE#         169
  C:4B7EH         LINE#         170
  C:4B80H         LINE#         171
  C:4B8DH         LINE#         172
  C:4B8FH         LINE#         173
  C:4B92H         LINE#         174
  C:4B93H         LINE#         176
  C:4B93H         LINE#         177
  C:4BA0H         LINE#         178
  C:4BA7H         LINE#         179
  C:4BA7H         LINE#         183
  -------         ENDPROC       _SERIAL_OUT
  -------         PROC          _STRING_OUT
  D:0001H         SYMBOL        String_Pointer
  C:5143H         LINE#         185
  C:5143H         LINE#         186
  C:5143H         LINE#         187
  C:5143H         LINE#         188
  C:5143H         LINE#         189
BL51 BANKED LINKER/LOCATER V6.22.2.0                                                  12/18/2018  17:25:09  PAGE 28


  C:5149H         LINE#         190
  C:5149H         LINE#         191
  C:514CH         LINE#         192
  C:5153H         LINE#         193
  C:5155H         LINE#         195
  C:5155H         LINE#         196
  C:5155H         LINE#         197
  C:5155H         LINE#         198
  C:5155H         LINE#         199
  -------         ENDPROC       _STRING_OUT
  C:4C4FH         SYMBOL        L?0061
  C:4C53H         SYMBOL        L?0062
  -------         PROC          L?0060
  -------         ENDPROC       L?0060
  C:4C4FH         SYMBOL        L?0061
  C:4C53H         SYMBOL        L?0062
  -------         PROC          _ASCII_TO_HEX
  D:0007H         SYMBOL        Ascii_Char
  -------         DO            
  D:0006H         SYMBOL        Temp_data
  -------         ENDDO         
  C:4C57H         LINE#         206
  C:4C57H         LINE#         207
  C:4C57H         LINE#         208
  C:4C59H         LINE#         209
  C:4C65H         LINE#         210
  C:4C65H         LINE#         211
  C:4C69H         LINE#         212
  C:4C69H         LINE#         213
  C:4C75H         LINE#         214
  C:4C75H         LINE#         215
  C:4C79H         LINE#         216
  C:4C79H         LINE#         217
  C:4C85H         LINE#         218
  C:4C85H         LINE#         219
  C:4C89H         LINE#         220
  C:4C89H         LINE#         222
  C:4C8BH         LINE#         223
  -------         ENDPROC       _ASCII_TO_HEX
  C:4FF1H         SYMBOL        L?0064
  -------         PROC          L?0063
  -------         ENDPROC       L?0063
  C:4FF1H         SYMBOL        L?0064
  -------         PROC          _HEX_TO_ASCII
  D:0007H         SYMBOL        Hex_Data
  -------         DO            
  D:0006H         SYMBOL        Ascii_Code
  -------         ENDDO         
  C:4FF5H         LINE#         230
  C:4FF5H         LINE#         231
  C:4FF5H         LINE#         233
  C:5000H         LINE#         234
  C:5000H         LINE#         235
  C:5003H         LINE#         236
  C:5005H         LINE#         238
  C:5005H         LINE#         239
  C:5008H         LINE#         240
BL51 BANKED LINKER/LOCATER V6.22.2.0                                                  12/18/2018  17:25:09  PAGE 29


  C:5008H         LINE#         241
  C:500AH         LINE#         242
  -------         ENDPROC       _HEX_TO_ASCII
  -------         PROC          _SEND_2BYTE
  D:0005H         SYMBOL        Temp_Send_Data
  -------         DO            
  D:0007H         SYMBOL        Temp_Data
  -------         ENDDO         
  C:5167H         LINE#         249
  C:5169H         LINE#         250
  C:5169H         LINE#         253
  C:516BH         LINE#         254
  C:516BH         LINE#         255
  C:516EH         LINE#         257
  C:5172H         LINE#         258
  C:5175H         LINE#         259
  -------         ENDPROC       _SEND_2BYTE
  -------         PROC          _SEND_4BYTE
  D:0004H         SYMBOL        Temp_Send_Data16
  -------         DO            
  D:0007H         SYMBOL        Temp_Data
  -------         ENDDO         
  C:4FA0H         LINE#         269
  C:4FA4H         LINE#         270
  C:4FA4H         LINE#         273
  C:4FA6H         LINE#         274
  C:4FA6H         LINE#         275
  C:4FA9H         LINE#         277
  C:4FAAH         LINE#         278
  C:4FAAH         LINE#         279
  C:4FADH         LINE#         281
  C:4FB8H         LINE#         282
  C:4FB8H         LINE#         283
  C:4FBBH         LINE#         285
  C:4FBFH         LINE#         286
  C:4FC2H         LINE#         287
  -------         ENDPROC       _SEND_4BYTE
  -------         PROC          _SEND_6BYTE
  X:05CBH         SYMBOL        Temp_Send_Data32
  -------         DO            
  D:0007H         SYMBOL        Temp_Data
  -------         ENDDO         
  C:47D1H         LINE#         295
  C:47D7H         LINE#         296
  C:47D7H         LINE#         299
  C:47E7H         LINE#         300
  C:47E7H         LINE#         301
  C:47EAH         LINE#         303
  C:47FAH         LINE#         304
  C:47FAH         LINE#         305
  C:47FDH         LINE#         307
  C:480DH         LINE#         308
  C:480DH         LINE#         309
  C:4810H         LINE#         311
  C:4820H         LINE#         312
  C:4820H         LINE#         313
  C:4823H         LINE#         315
BL51 BANKED LINKER/LOCATER V6.22.2.0                                                  12/18/2018  17:25:09  PAGE 30


  C:4833H         LINE#         316
  C:4833H         LINE#         317
  C:4836H         LINE#         319
  C:4839H         LINE#         320
  C:483CH         LINE#         321
  -------         ENDPROC       _SEND_6BYTE
  -------         PROC          _SEND_8BYTE
  X:05CFH         SYMBOL        Temp_Send_Data32
  -------         DO            
  D:0007H         SYMBOL        Temp_Data
  -------         ENDDO         
  C:45F6H         LINE#         331
  C:45FCH         LINE#         332
  C:45FCH         LINE#         335
  C:45FEH         LINE#         336
  C:45FEH         LINE#         337
  C:4601H         LINE#         339
  C:4611H         LINE#         340
  C:4611H         LINE#         341
  C:4614H         LINE#         343
  C:4616H         LINE#         344
  C:4616H         LINE#         345
  C:4619H         LINE#         347
  C:4629H         LINE#         348
  C:4629H         LINE#         349
  C:462CH         LINE#         351
  C:463CH         LINE#         352
  C:463CH         LINE#         353
  C:463FH         LINE#         355
  C:464FH         LINE#         356
  C:464FH         LINE#         357
  C:4652H         LINE#         359
  C:4662H         LINE#         360
  C:4662H         LINE#         361
  C:4665H         LINE#         363
  C:4668H         LINE#         364
  C:466BH         LINE#         365
  -------         ENDPROC       _SEND_8BYTE
  -------         PROC          RECV_2BYTE
  -------         DO            
  D:0005H         SYMBOL        Temp_Recv_Data
  D:0007H         SYMBOL        Temp_Data_H
  D:0007H         SYMBOL        Temp_Data_L
  -------         ENDDO         
  C:000EH         LINE#         378
  C:000EH         LINE#         379
  C:000EH         LINE#         382
  C:0011H         LINE#         383
  C:0019H         LINE#         384
  C:001CH         LINE#         385
  C:0021H         LINE#         387
  C:0022H         LINE#         388
  -------         ENDPROC       RECV_2BYTE
  -------         PROC          RECV_4BYTE
  -------         DO            
  D:0007H         SYMBOL        Temp_Data
  D:0004H         SYMBOL        Temp_Recv_Data
BL51 BANKED LINKER/LOCATER V6.22.2.0                                                  12/18/2018  17:25:09  PAGE 31


  -------         ENDDO         
  C:50CCH         LINE#         396
  C:50CCH         LINE#         397
  C:50CCH         LINE#         399
  C:50CEH         LINE#         401
  C:50CEH         LINE#         402
  C:50DAH         LINE#         404
  C:50DAH         LINE#         405
  C:50DDH         LINE#         407
  C:50DDH         LINE#         408
  C:50E0H         LINE#         410
  C:50E0H         LINE#         411
  C:50E5H         LINE#         413
  C:50E8H         LINE#         415
  -------         ENDPROC       RECV_4BYTE
  -------         PROC          _UCHAR_TO_HEX_STRING
  D:0005H         SYMBOL        Hex_Data
  X:05D3H         SYMBOL        String_Pointer
  -------         DO            
  D:0004H         SYMBOL        i
  X:05D6H         SYMBOL        Temp_Data
  -------         ENDDO         
  C:4A41H         LINE#         418
  C:4A4EH         LINE#         419
  C:4A4EH         LINE#         422
  C:4A5AH         LINE#         423
  C:4A5AH         LINE#         424
  C:4A73H         LINE#         425
  C:4A8AH         LINE#         426
  C:4A8DH         LINE#         427
  -------         ENDPROC       _UCHAR_TO_HEX_STRING
  -------         PROC          _UINT_TO_HEX_STRING
  D:0004H         SYMBOL        Hex_Data
  X:05BCH         SYMBOL        String_Pointer
  -------         DO            
  X:05BFH         SYMBOL        i
  X:05C0H         SYMBOL        Temp_Data
  -------         ENDDO         
  C:46E6H         LINE#         430
  C:46F5H         LINE#         431
  C:46F5H         LINE#         434
  C:4706H         LINE#         435
  C:4706H         LINE#         436
  C:4725H         LINE#         437
  C:473EH         LINE#         438
  C:4746H         LINE#         439
  -------         ENDPROC       _UINT_TO_HEX_STRING
  -------         PROC          _ULONG_TO_HEX_STRING
  X:05ADH         SYMBOL        Hex_Data
  X:05B1H         SYMBOL        String_Pointer
  -------         DO            
  X:05B4H         SYMBOL        i
  D:0005H         SYMBOL        Temp_Data
  -------         ENDDO         
  C:466EH         LINE#         442
  C:467FH         LINE#         443
  C:467FH         LINE#         446
BL51 BANKED LINKER/LOCATER V6.22.2.0                                                  12/18/2018  17:25:09  PAGE 32


  C:4690H         LINE#         447
  C:4690H         LINE#         448
  C:46B1H         LINE#         449
  C:46C8H         LINE#         450
  C:46D0H         LINE#         451
  -------         ENDPROC       _ULONG_TO_HEX_STRING
  -------         PROC          _HEX_ARRAY_TO_HEX_STRING
  X:05A4H         SYMBOL        Hex_Array_Pointer
  X:05A7H         SYMBOL        String_Pointer
  X:05AAH         SYMBOL        Array_Len
  -------         DO            
  X:05ABH         SYMBOL        i
  X:05ACH         SYMBOL        Temp_Data
  -------         ENDDO         
  C:41DCH         LINE#         454
  C:41E7H         LINE#         455
  C:41E7H         LINE#         458
  C:41F8H         LINE#         459
  C:41F8H         LINE#         460
  C:420FH         LINE#         461
  C:4233H         LINE#         462
  C:425BH         LINE#         463
  C:4263H         LINE#         464
  -------         ENDPROC       _HEX_ARRAY_TO_HEX_STRING
  -------         PROC          _UINT_TO_DEC_STRING
  X:052CH         SYMBOL        Hex_Data
  X:052EH         SYMBOL        String_Pointer
  -------         DO            
  X:0531H         SYMBOL        i
  X:0533H         SYMBOL        Temp_Data
  X:0535H         SYMBOL        Base
  -------         ENDDO         
  C:3D00H         LINE#         468
  C:3D11H         LINE#         469
  C:3D11H         LINE#         471
  C:3D1AH         LINE#         472
  C:3D21H         LINE#         473
  C:3D21H         LINE#         474
  C:3D3CH         LINE#         475
  C:3D57H         LINE#         476
  C:3D75H         LINE#         477
  C:3D88H         LINE#         478
  C:3DA8H         LINE#         479
  -------         ENDPROC       _UINT_TO_DEC_STRING
  -------         ENDMOD        SERIAL_PORT

  -------         MODULE        MAIN
  C:0000H         SYMBOL        _ICE_DUMMY_
  D:0092H         PUBLIC        P1M0
  D:0093H         PUBLIC        P0M1
  D:0096H         PUBLIC        P2M0
  D:0091H         PUBLIC        P1M1
  D:0080H         PUBLIC        P0
  C:49E7H         PUBLIC        _number2seg
  D:0095H         PUBLIC        P2M1
  D:0090H         PUBLIC        P1
  X:054FH         PUBLIC        t_point
BL51 BANKED LINKER/LOCATER V6.22.2.0                                                  12/18/2018  17:25:09  PAGE 33


  C:3AADH         PUBLIC        SONG_TONE1
  D:00B4H         PUBLIC        P4M0
  D:00A0H         PUBLIC        P2
  C:3B03H         PUBLIC        SONG_TONE2
  D:00CAH         PUBLIC        P5M0
  D:00B3H         PUBLIC        P4M1
  D:00B0H         PUBLIC        P3
  C:3B37H         PUBLIC        SONG_TONE3
  D:00CCH         PUBLIC        P6M0
  D:00C9H         PUBLIC        P5M1
  D:00C0H         PUBLIC        P4
  D:00CBH         PUBLIC        P6M1
  D:00C8H         PUBLIC        P5
  B:00A8H.7       PUBLIC        EA
  D:00E8H         PUBLIC        P6
  C:5178H         PUBLIC        _clearFlag
  D:00F8H         PUBLIC        P7
  C:4C8CH         PUBLIC        _pwm3
  C:4CD1H         PUBLIC        _pwm4
  C:4D16H         PUBLIC        _pwm5
  D:00F5H         PUBLIC        PWMCR
  D:00BAH         PUBLIC        P_SW2
  D:00A8H         PUBLIC        IE
  C:5102H         PUBLIC        T0Init_2ms
  C:5199H         PUBLIC        initSegment
  X:0550H         PUBLIC        BT_FLAG
  C:5094H         PUBLIC        _DelayMS
  C:51D9H         PUBLIC        initRGB
  X:0551H         PUBLIC        t_len
  B:0021H.0       PUBLIC        PlayFlag
  B:00A8H.4       PUBLIC        ES
  D:00B8H         PUBLIC        IP
  C:512EH         PUBLIC        _light
  B:0098H.0       PUBLIC        RI
  C:4F25H         PUBLIC        showSegment
  B:0098H.1       PUBLIC        TI
  B:00B8H.4       PUBLIC        PS
  C:4EBFH         PUBLIC        _music
  C:393AH         PUBLIC        t0
  D:00D8H         PUBLIC        CCON
  C:36B4H         PUBLIC        main
  B:00C0H.5       PUBLIC        PWM3
  C:4BA8H         PUBLIC        _setPosition
  B:00C0H.4       PUBLIC        PWM4
  B:00C0H.2       PUBLIC        PWM5
  C:4AA3H         PUBLIC        _sendChar
  C:3C3DH         PUBLIC        _setSecond
  C:431CH         PUBLIC        _time
  D:0099H         PUBLIC        SBUF
  C:4E89H         PUBLIC        _motor
  B:0021H.1       PUBLIC        MUSIC1
  D:0098H         PUBLIC        SCON
  B:0021H.2       PUBLIC        MUSIC2
  D:0089H         PUBLIC        TMOD
  D:0088H         PUBLIC        TCON
  B:0021H.3       PUBLIC        MUSIC3
  X:0552H         PUBLIC        temp
BL51 BANKED LINKER/LOCATER V6.22.2.0                                                  12/18/2018  17:25:09  PAGE 34


  C:50E9H         PUBLIC        lightOff
  C:3A83H         PUBLIC        tab
  C:48B7H         PUBLIC        _pow10
  C:3E78H         PUBLIC        _setNumber
  C:4911H         PUBLIC        blueTooth
  C:427DH         PUBLIC        _addTime
  X:0556H         PUBLIC        sec
  B:00E8H.6       PUBLIC        P66
  B:00E8H.7       PUBLIC        P67
  X:0558H         PUBLIC        SECOND
  X:0559H         PUBLIC        HOUR
  B:00B0H.2       PUBLIC        KB2
  X:055AH         PUBLIC        len
  B:00B0H.3       PUBLIC        KB3
  C:51F5H         PUBLIC        _dht
  B:00B0H.4       PUBLIC        KB4
  D:008EH         PUBLIC        AUXR
  B:00B0H.5       PUBLIC        KB5
  C:3B79H         PUBLIC        _setMinute
  X:055BH         PUBLIC        btn
  D:00F1H         PUBLIC        PWMCFG
  B:00A8H.1       PUBLIC        ET0
  C:5189H         PUBLIC        _setFlag
  B:0088H.5       PUBLIC        TF0
  B:00A8H.3       PUBLIC        ET1
  X:055DH         PUBLIC        NUMBER
  C:51CEH         PUBLIC        initMotor
  C:4979H         PUBLIC        _sendCharWith
  B:00E8H.6       PUBLIC        M
  D:008CH         PUBLIC        TH0
  D:008DH         PUBLIC        TH1
  C:3F30H         PUBLIC        PlayMusic1
  C:3FDCH         PUBLIC        PlayMusic2
  C:4088H         PUBLIC        PlayMusic3
  D:008AH         PUBLIC        TL0
  D:008BH         PUBLIC        TL1
  C:51C2H         PUBLIC        blueToothInit
  X:0561H         PUBLIC        MINUTE
  B:00B8H.1       PUBLIC        PT0
  X:0562H         PUBLIC        pwm
[...]
  C:4283H         LINE#         187
  C:4289H         LINE#         188
  C:428FH         LINE#         189
  C:42A4H         LINE#         190
  C:42B2H         LINE#         191
  C:42B8H         LINE#         192
  C:42B8H         LINE#         193
  C:42CDH         LINE#         194
  C:42DBH         LINE#         195
  C:42E1H         LINE#         196
  C:42E1H         LINE#         197
  C:42F6H         LINE#         198
  C:4304H         LINE#         199
  C:4304H         LINE#         200
  C:430CH         LINE#         201
  C:4314H         LINE#         202
  -------         ENDPROC       _ADDTIME
  -------         PROC          _SETTIME
  D:0006H         SYMBOL        h
  D:0005H         SYMBOL        m
  D:0003H         SYMBOL        s
  C:4F7AH         LINE#         204
  C:4F7CH         LINE#         205
  C:4F83H         LINE#         206
  C:4F88H         LINE#         207
  C:4F8DH         LINE#         208
  C:4F90H         LINE#         209
  C:4F98H         LINE#         210
  -------         ENDPROC       _SETTIME
  C:49DEH         SYMBOL        L?0271
  -------         PROC          L?0270
  -------         ENDPROC       L?0270
  C:49DEH         SYMBOL        L?0271
  -------         PROC          _NUMBER2SEG
  D:0007H         SYMBOL        num
  -------         DO            
  D:0006H         SYMBOL        t
  -------         ENDDO         
  C:49E7H         LINE#         212
  C:49E7H         LINE#         213
  C:49E9H         LINE#         214
  C:4A14H         LINE#         215
  C:4A18H         LINE#         216
  C:4A1CH         LINE#         217
  C:4A20H         LINE#         218
  C:4A24H         LINE#         219
  C:4A28H         LINE#         220
  C:4A2CH         LINE#         221
  C:4A30H         LINE#         222
  C:4A34H         LINE#         223
  C:4A38H         LINE#         224
  C:4A3CH         LINE#         225
  C:4A3EH         LINE#         226
  C:4A3EH         LINE#         227
  C:4A40H         LINE#         228
BL51 BANKED LINKER/LOCATER V6.22.2.0                                                  12/18/2018  17:25:09  PAGE 44


  -------         ENDPROC       _NUMBER2SEG
  -------         PROC          _SETPOINT
  D:0007H         SYMBOL        i
  C:51FBH         LINE#         230
  C:51FBH         LINE#         231
  C:51FFH         LINE#         232
  -------         ENDPROC       _SETPOINT
  -------         PROC          INITSEGMENT
  C:5199H         LINE#         233
  C:5199H         LINE#         234
  C:519CH         LINE#         235
  C:519FH         LINE#         236
  C:51A2H         LINE#         237
  C:51A4H         LINE#         238
  C:51A6H         LINE#         239
  -------         ENDPROC       INITSEGMENT
  -------         PROC          _DHT
  X:0506H         SYMBOL        index
  C:51F5H         LINE#         26
  C:51FAH         LINE#         28
  -------         ENDPROC       _DHT
  -------         PROC          _TIME
  X:0506H         SYMBOL        t
  -------         DO            
  X:050AH         SYMBOL        s
  X:050BH         SYMBOL        m
  D:0007H         SYMBOL        h
  -------         ENDDO         
  C:431CH         LINE#         30
  C:4322H         LINE#         34
  C:433EH         LINE#         35
  C:435BH         LINE#         36
  C:4377H         LINE#         37
  C:4394H         LINE#         38
  C:43ADH         LINE#         39
  -------         ENDPROC       _TIME
  -------         PROC          _LIGHT
  X:0506H         SYMBOL        index
  C:512EH         LINE#         41
  C:5133H         LINE#         42
  C:513CH         LINE#         43
  C:5142H         LINE#         44
  -------         ENDPROC       _LIGHT
  -------         PROC          _MUSIC
  D:0007H         SYMBOL        index
  C:4EBFH         LINE#         46
  C:4EBFH         LINE#         47
  C:4ED0H         LINE#         48
  C:4ED0H         LINE#         49
  C:4ED2H         LINE#         50
  C:4ED4H         LINE#         51
  C:4ED4H         LINE#         52
  C:4ED4H         LINE#         53
  C:4ED6H         LINE#         54
  C:4ED6H         LINE#         55
  C:4ED8H         LINE#         56
  C:4EDAH         LINE#         57
BL51 BANKED LINKER/LOCATER V6.22.2.0                                                  12/18/2018  17:25:09  PAGE 45


  C:4EDCH         LINE#         58
  C:4EDEH         LINE#         59
  C:4EDFH         LINE#         60
  C:4EDFH         LINE#         61
  C:4EE1H         LINE#         62
  C:4EE3H         LINE#         63
  C:4EE5H         LINE#         64
  C:4EE7H         LINE#         65
  C:4EE8H         LINE#         66
  C:4EE8H         LINE#         67
  C:4EEAH         LINE#         68
  C:4EECH         LINE#         69
  C:4EEEH         LINE#         70
  C:4EF0H         LINE#         71
  C:4EF1H         LINE#         72
  C:4EF1H         LINE#         73
  C:4EF3H         LINE#         74
  C:4EF3H         LINE#         75
  C:4EF3H         LINE#         76
  C:4EF3H         LINE#         77
  -------         ENDPROC       _MUSIC
  -------         PROC          _MOTOR
  D:0007H         SYMBOL        index
  C:4E89H         LINE#         78
  C:4E89H         LINE#         79
  C:4E90H         LINE#         80
  C:4E90H         LINE#         81
  C:4E9CH         LINE#         82
  C:4EA2H         LINE#         83
  C:4EA3H         LINE#         84
  C:4EA3H         LINE#         85
  C:4EAFH         LINE#         86
  C:4EB0H         LINE#         87
  C:4EB2H         LINE#         88
  C:4EB2H         LINE#         89
  C:4EB2H         LINE#         90
  C:4EBEH         LINE#         91
  C:4EBEH         LINE#         92
  C:4EBEH         LINE#         93
  -------         ENDPROC       _MOTOR
  -------         PROC          _SENDCHARWITH
  D:0001H         SYMBOL        c
  D:0005H         SYMBOL        length
  X:05CAH         SYMBOL        replace
  C:4979H         LINE#         95
  C:4979H         LINE#         96
  C:4980H         LINE#         97
  C:4988H         LINE#         98
  C:4996H         LINE#         99
  C:49B5H         LINE#         100
  C:49BDH         LINE#         101
  C:49D1H         LINE#         102
  C:49D7H         LINE#         103
  C:49DDH         LINE#         104
  -------         ENDPROC       _SENDCHARWITH
  -------         PROC          _SENDINTWITH
  D:0007H         SYMBOL        c
BL51 BANKED LINKER/LOCATER V6.22.2.0                                                  12/18/2018  17:25:09  PAGE 46


  D:0005H         SYMBOL        replace
  C:50AEH         LINE#         106
  C:50AEH         LINE#         107
  C:50B4H         LINE#         108
  C:50B9H         LINE#         109
  C:50BCH         LINE#         110
  C:50BFH         LINE#         111
  C:50C5H         LINE#         112
  C:50CBH         LINE#         113
  -------         ENDPROC       _SENDINTWITH
  -------         PROC          _RECEIVECHAR
  X:0504H         SYMBOL        c
  -------         DO            
  X:0505H         SYMBOL        i
  -------         ENDDO         
  C:2D54H         LINE#         116
  C:2D59H         LINE#         117
  C:2D5CH         LINE#         118
  C:2D7CH         LINE#         119
  C:2D7CH         LINE#         120
  C:2D8CH         LINE#         121
  C:2D93H         LINE#         122
  C:2DBAH         LINE#         123
  C:2E11H         LINE#         124
  C:2E1AH         LINE#         125
  C:2E2BH         LINE#         126
  C:2E2BH         LINE#         127
  C:2E32H         LINE#         128
  C:2E32H         LINE#         129
  C:2E32H         LINE#         130
  C:2E35H         LINE#         131
  C:2E35H         LINE#         132
  C:2E40H         LINE#         133
  C:2E47H         LINE#         134
  C:2E6EH         LINE#         135
  C:2EC5H         LINE#         136
  C:2ECEH         LINE#         137
  C:2ED9H         LINE#         138
  C:2ED9H         LINE#         139
  C:2EE0H         LINE#         140
  C:2EE0H         LINE#         141
  C:2EE0H         LINE#         142
  C:2EE3H         LINE#         143
  C:2EE3H         LINE#         144
  C:2EEEH         LINE#         145
  C:2EF5H         LINE#         146
  C:2F1CH         LINE#         147
  C:2F73H         LINE#         148
  C:2F7CH         LINE#         149
  C:2F87H         LINE#         150
  C:2F87H         LINE#         151
  C:2F8EH         LINE#         152
  C:2F8EH         LINE#         153
  C:2F8EH         LINE#         154
  C:2F91H         LINE#         155
  C:2F91H         LINE#         156
  C:2FA1H         LINE#         157
BL51 BANKED LINKER/LOCATER V6.22.2.0                                                  12/18/2018  17:25:09  PAGE 47


  C:2FA8H         LINE#         158
  C:2FCFH         LINE#         159
  C:3026H         LINE#         160
  C:302FH         LINE#         161
  C:303AH         LINE#         162
  C:303AH         LINE#         163
  C:3041H         LINE#         164
  C:3041H         LINE#         165
  C:3041H         LINE#         166
  C:3044H         LINE#         167
  C:3044H         LINE#         168
  C:3054H         LINE#         169
  C:305BH         LINE#         170
  C:3082H         LINE#         171
  C:30D9H         LINE#         172
  C:30E2H         LINE#         173
  C:30EDH         LINE#         174
  C:30EDH         LINE#         175
  C:30F9H         LINE#         176
  C:30FEH         LINE#         177
  C:30FEH         LINE#         178
  C:30FFH         LINE#         179
  C:30FFH         LINE#         181
  C:3121H         LINE#         182
  C:3121H         LINE#         183
  C:3121H         LINE#         184
  -------         ENDPROC       _RECEIVECHAR
  -------         PROC          _SENDCHAR
  X:05D7H         SYMBOL        c
  D:0005H         SYMBOL        length
  C:4AA3H         LINE#         186
  C:4AAEH         LINE#         187
  C:4AB3H         LINE#         188
  C:4AC1H         LINE#         189
  C:4AE1H         LINE#         190
  C:4AE9H         LINE#         191
  C:4AF9H         LINE#         192
  C:4AFFH         LINE#         193
  -------         ENDPROC       _SENDCHAR
  C:48A8H         SYMBOL        L?0268
  -------         PROC          L?0267
  -------         ENDPROC       L?0267
  C:48A8H         SYMBOL        L?0268
  -------         PROC          _POW10
  X:0506H         SYMBOL        index
  -------         DO            
  X:0507H         SYMBOL        i
  X:0508H         SYMBOL        t
  -------         ENDDO         
  C:48B7H         LINE#         195
  C:48BCH         LINE#         196
  C:48BFH         LINE#         197
  C:48C7H         LINE#         198
  C:48DFH         LINE#         199
  C:48FAH         LINE#         200
  C:4902H         LINE#         201
  C:4910H         LINE#         202
BL51 BANKED LINKER/LOCATER V6.22.2.0                                                  12/18/2018  17:25:09  PAGE 48


  -------         ENDPROC       _POW10
  -------         PROC          BLUETOOTHUART
  C:500BH         LINE#         204
  C:500BH         LINE#         206
  C:500EH         LINE#         207
  C:5011H         LINE#         208
  C:5014H         LINE#         209
  C:5017H         LINE#         210
  C:501AH         LINE#         211
  C:501DH         LINE#         212
  C:501FH         LINE#         213
  C:5021H         LINE#         214
  C:5027H         LINE#         216
  C:5029H         LINE#         217
  C:502BH         LINE#         218
  C:502DH         LINE#         219
  -------         ENDPROC       BLUETOOTHUART
  -------         PROC          BLUETOOTH
  C:4911H         LINE#         221
  C:492EH         LINE#         222
  C:4931H         LINE#         223
  C:4933H         LINE#         224
  C:4938H         LINE#         225
  C:4938H         LINE#         226
  C:493BH         LINE#         227
  C:493DH         LINE#         228
  C:494BH         LINE#         229
  C:4958H         LINE#         230
  C:495EH         LINE#         231
  C:495EH         LINE#         232
  C:495EH         LINE#         233
  -------         ENDPROC       BLUETOOTH
  -------         PROC          BLUETOOTHINIT
  C:51C2H         LINE#         235
  C:51C2H         LINE#         236
  C:51C5H         LINE#         237
  C:51C7H         LINE#         238
  C:51C9H         LINE#         239
  C:51CBH         LINE#         240
  -------         ENDPROC       BLUETOOTHINIT
  -------         PROC          MAIN
  -------         DO            
  D:0007H         SYMBOL        Status
  X:050EH         SYMBOL        Convert_Result
  X:0518H         SYMBOL        Temperature_Value
  X:051AH         SYMBOL        Humidity_Value
  X:051CH         SYMBOL        HV_Array
  X:0524H         SYMBOL        TV_Array
  -------         ENDDO         
  C:36B4H         LINE#         8
  C:36B4H         LINE#         9
  C:36B4H         LINE#         11
  C:36BFH         LINE#         16
  C:36C2H         LINE#         17
  C:36C5H         LINE#         18
  C:36CAH         LINE#         20
  C:36CDH         LINE#         21
BL51 BANKED LINKER/LOCATER V6.22.2.0                                                  12/18/2018  17:25:09  PAGE 49


  C:36E3H         LINE#         22
  C:36FAH         LINE#         23
  C:3711H         LINE#         24
  C:3728H         LINE#         25
  C:372BH         LINE#         28
  C:372EH         LINE#         29
  C:3731H         LINE#         30
  C:3734H         LINE#         31
  C:3737H         LINE#         32
  C:373AH         LINE#         33
  C:373DH         LINE#         34
  C:3740H         LINE#         36
  C:3740H         LINE#         37
  C:3740H         LINE#         40
  C:3746H         LINE#         41
  C:374FH         LINE#         42
  C:3754H         LINE#         43
  C:3754H         LINE#         44
  C:3764H         LINE#         45
  C:3773H         LINE#         46
  C:3778H         LINE#         47
  C:377FH         LINE#         48
  C:378AH         LINE#         49
  C:378AH         LINE#         51
  C:379BH         LINE#         52
  C:37ACH         LINE#         53
  C:37C3H         LINE#         54
  C:37DAH         LINE#         55
  C:37DAH         LINE#         57
  C:37E0H         LINE#         58
  C:37E3H         LINE#         59
  C:37E6H         LINE#         60
  C:37ECH         LINE#         61
  C:37EFH         LINE#         62
  C:37F8H         LINE#         63
  C:37FBH         LINE#         64
  C:37FBH         LINE#         65
  C:37FBH         LINE#         67
  -------         ENDPROC       MAIN
  -------         ENDMOD        MAIN

  -------         MODULE        ?C?COPY
  C:2A0DH         PUBLIC        ?C?COPY
  -------         ENDMOD        ?C?COPY

  -------         MODULE        ?C?SCDIV
  C:2A33H         PUBLIC        ?C?SCDIV
  -------         ENDMOD        ?C?SCDIV

  -------         MODULE        ?C?CLDPTR
  C:2A55H         PUBLIC        ?C?CLDPTR
  -------         ENDMOD        ?C?CLDPTR

  -------         MODULE        ?C?CLDOPTR
  C:2A6EH         PUBLIC        ?C?CLDOPTR
  -------         ENDMOD        ?C?CLDOPTR

BL51 BANKED LINKER/LOCATER V6.22.2.0                                                  12/18/2018  17:25:09  PAGE 50


  -------         MODULE        ?C?CSTPTR
  C:2A9BH         PUBLIC        ?C?CSTPTR
  -------         ENDMOD        ?C?CSTPTR

  -------         MODULE        ?C?CSTOPTR
  C:2AADH         PUBLIC        ?C?CSTOPTR
  -------         ENDMOD        ?C?CSTOPTR

  -------         MODULE        ?C?IMUL
  C:2ACFH         PUBLIC        ?C?IMUL
  -------         ENDMOD        ?C?IMUL

  -------         MODULE        ?C?UIDIV
  C:2AE1H         PUBLIC        ?C?UIDIV
  -------         ENDMOD        ?C?UIDIV

  -------         MODULE        ?C?SIDIV
  C:2B36H         PUBLIC        ?C?SIDIV
  -------         ENDMOD        ?C?SIDIV

  -------         MODULE        ?C?IILDX
  C:2B6CH         PUBLIC        ?C?IILDX
  -------         ENDMOD        ?C?IILDX

  -------         MODULE        ?C?ILDOPTR
  C:2B82H         PUBLIC        ?C?ILDOPTR
  -------         ENDMOD        ?C?ILDOPTR

  -------         MODULE        ?C?ISTOPTR
  C:2BBAH         PUBLIC        ?C?ISTOPTR
  -------         ENDMOD        ?C?ISTOPTR

  -------         MODULE        ?C?LMUL
  C:2BE7H         PUBLIC        ?C?LMUL
  -------         ENDMOD        ?C?LMUL

  -------         MODULE        ?C?SLDIV
  C:4D5BH         PUBLIC        ?C?SLDIV
  -------         ENDMOD        ?C?SLDIV

  -------         MODULE        ?C?ULSHR
  C:2C36H         PUBLIC        ?C?ULSHR
  -------         ENDMOD        ?C?ULSHR

  -------         MODULE        ?C?LSTXDATA
  C:2C49H         PUBLIC        ?C?LSTXDATA
  -------         ENDMOD        ?C?LSTXDATA

  -------         MODULE        ?C?LSTKXDATA
  C:2C55H         PUBLIC        ?C?LSTKXDATA
  -------         ENDMOD        ?C?LSTKXDATA

  -------         MODULE        ?C?ULDIV
  C:2CC2H         PUBLIC        ?C?ULDIV
  -------         ENDMOD        ?C?ULDIV

*** WARNING L16: UNCALLED SEGMENT, IGNORED FOR OVERLAY PROCESS
BL51 BANKED LINKER/LOCATER V6.22.2.0                                                  12/18/2018  17:25:09  PAGE 51


    SEGMENT: ?PR?_READ_FONT_LIB_FROM_C_ARRAY?CHINESE_FONT_LIB

*** WARNING L16: UNCALLED SEGMENT, IGNORED FOR OVERLAY PROCESS
    SEGMENT: ?PR?_REVERSE_IMAGE_RAM_DATA?OLED_SSD1306

*** WARNING L16: UNCALLED SEGMENT, IGNORED FOR OVERLAY PROCESS
    SEGMENT: ?PR?OLED_SSD1306_TEST?OLED_SSD1306

*** WARNING L16: UNCALLED SEGMENT, IGNORED FOR OVERLAY PROCESS
    SEGMENT: ?PR?GETCHAR?SERIAL_PORT

*** WARNING L16: UNCALLED SEGMENT, IGNORED FOR OVERLAY PROCESS
    SEGMENT: ?PR?_GETKEY?SERIAL_PORT

*** WARNING L16: UNCALLED SEGMENT, IGNORED FOR OVERLAY PROCESS
    SEGMENT: ?PR?_PUTCHAR?SERIAL_PORT

*** WARNING L16: UNCALLED SEGMENT, IGNORED FOR OVERLAY PROCESS
    SEGMENT: ?PR?UARTINIT?SERIAL_PORT

*** WARNING L16: UNCALLED SEGMENT, IGNORED FOR OVERLAY PROCESS
    SEGMENT: ?PR?_STRING_OUT?SERIAL_PORT

*** WARNING L16: UNCALLED SEGMENT, IGNORED FOR OVERLAY PROCESS
    SEGMENT: ?PR?_SEND_2BYTE?SERIAL_PORT

*** WARNING L16: UNCALLED SEGMENT, IGNORED FOR OVERLAY PROCESS
    SEGMENT: ?PR?_SEND_4BYTE?SERIAL_PORT

*** WARNING L16: UNCALLED SEGMENT, IGNORED FOR OVERLAY PROCESS
    SEGMENT: ?PR?_SEND_6BYTE?SERIAL_PORT

*** WARNING L16: UNCALLED SEGMENT, IGNORED FOR OVERLAY PROCESS
    SEGMENT: ?PR?_SEND_8BYTE?SERIAL_PORT

*** WARNING L16: UNCALLED SEGMENT, IGNORED FOR OVERLAY PROCESS
    SEGMENT: ?PR?RECV_2BYTE?SERIAL_PORT

*** WARNING L16: UNCALLED SEGMENT, IGNORED FOR OVERLAY PROCESS
    SEGMENT: ?PR?RECV_4BYTE?SERIAL_PORT

*** WARNING L16: UNCALLED SEGMENT, IGNORED FOR OVERLAY PROCESS
    SEGMENT: ?PR?_UCHAR_TO_HEX_STRING?SERIAL_PORT

*** WARNING L16: UNCALLED SEGMENT, IGNORED FOR OVERLAY PROCESS
    SEGMENT: ?PR?_UINT_TO_HEX_STRING?SERIAL_PORT

*** WARNING L16: UNCALLED SEGMENT, IGNORED FOR OVERLAY PROCESS
    SEGMENT: ?PR?_ULONG_TO_HEX_STRING?SERIAL_PORT

*** WARNING L16: UNCALLED SEGMENT, IGNORED FOR OVERLAY PROCESS
    SEGMENT: ?PR?_HEX_ARRAY_TO_HEX_STRING?SERIAL_PORT

*** WARNING L16: UNCALLED SEGMENT, IGNORED FOR OVERLAY PROCESS
    SEGMENT: ?PR?_SETNUMBER?MAIN

*** WARNING L16: UNCALLED SEGMENT, IGNORED FOR OVERLAY PROCESS
BL51 BANKED LINKER/LOCATER V6.22.2.0                                                  12/18/2018  17:25:09  PAGE 52


    SEGMENT: ?PR?_SETPOINT?MAIN

*** WARNING L16: UNCALLED SEGMENT, IGNORED FOR OVERLAY PROCESS
    SEGMENT: ?PR?_SENDCHARWITH?MAIN

*** WARNING L16: UNCALLED SEGMENT, IGNORED FOR OVERLAY PROCESS
    SEGMENT: ?PR?_SENDCHAR?MAIN

*** WARNING L15: MULTIPLE CALL TO SEGMENT
    SEGMENT: ?PR?_SETSECOND?MAIN
    CALLER1: ?PR?T0?MAIN
    CALLER2: ?PR?BLUETOOTH?MAIN

*** WARNING L15: MULTIPLE CALL TO SEGMENT
    SEGMENT: ?PR?_SETMINUTE?MAIN
    CALLER1: ?PR?T0?MAIN
    CALLER2: ?PR?BLUETOOTH?MAIN

*** WARNING L15: MULTIPLE CALL TO SEGMENT
    SEGMENT: ?PR?_SETHOUR?MAIN
    CALLER1: ?PR?T0?MAIN
    CALLER2: ?PR?BLUETOOTH?MAIN

Program Size: data=18.5 xdata=1499 code=20999
LINK/LOCATE RUN COMPLETE.  25 WARNING(S),  0 ERROR(S)
